[    0.000000] Linux version 5.10.213-201.855.amzn2.x86_64 (mockbuild@ip-10-0-57-195) (gcc10-gcc (GCC) 10.5.0 20230707 (Red Hat 10.5.0-1), GNU ld version 2.35.2-9.amzn2.0.1) #1 SMP Mon Mar 25 18:16:11 UTC 2024
[    0.000000] Command line: BOOT_IMAGE=/boot/vmlinuz-5.10.213-201.855.amzn2.x86_64 root=UUID=9c1eee52-5e8d-4948-8929-ae5a65aab30c ro console=tty0 console=ttyS0,115200n8 net.ifnames=0 biosdevname=0 nvme_core.io_timeout=4294967295 rd.emergency=poweroff rd.shell=0 LANG=en_US.UTF-8 KEYTABLE=us psi=1 clocksource=tsc tsc=reliable
[    0.000000] KASLR enabled
[    0.000000] BIOS-provided physical RAM map:
[    0.000000] BIOS-e820: [mem 0x0000000000000000-0x000000000009fbff] usable
[    0.000000] BIOS-e820: [mem 0x000000000009fc00-0x000000000009ffff] reserved
[    0.000000] BIOS-e820: [mem 0x00000000000f0000-0x00000000000fffff] reserved
[    0.000000] BIOS-e820: [mem 0x0000000000100000-0x00000000bffd7fff] usable
[    0.000000] BIOS-e820: [mem 0x00000000bffd8000-0x00000000bfffffff] reserved
[    0.000000] BIOS-e820: [mem 0x00000000e0000000-0x00000000e03fffff] reserved
[    0.000000] BIOS-e820: [mem 0x00000000fffc0000-0x00000000ffffffff] reserved
[    0.000000] BIOS-e820: [mem 0x0000000100000000-0x0000002f3effffff] usable
[    0.000000] BIOS-e820: [mem 0x0000002f3f000000-0x000000303fffffff] reserved
[    0.000000] BIOS-e820: [mem 0x0000003040000000-0x0000005f3effffff] usable
[    0.000000] BIOS-e820: [mem 0x0000005f3f000000-0x000000603fffffff] reserved
[    0.000000] BIOS-e820: [mem 0x0000006040000000-0x0000008f3effffff] usable
[    0.000000] BIOS-e820: [mem 0x0000008f3f000000-0x000000903fffffff] reserved
[    0.000000] BIOS-e820: [mem 0x0000009040000000-0x000000bf3effffff] usable
[    0.000000] BIOS-e820: [mem 0x000000bf3f000000-0x000000c03fffffff] reserved
[    0.000000] NX (Execute Disable) protection: active
[    0.000000] SMBIOS 2.7 present.
[    0.000000] DMI: Amazon EC2 inf2.48xlarge/, BIOS 1.0 10/16/2017
[    0.000000] Hypervisor detected: KVM
[    0.000000] kvm-clock: Using msrs 4b564d01 and 4b564d00
[    0.000000] kvm-clock: cpu 0, msr 8ad1601001, primary cpu clock
[    0.000000] kvm-clock: using sched offset of 3807199233 cycles
[    0.000002] clocksource: kvm-clock: mask: 0xffffffffffffffff max_cycles: 0x1cd42e4dffb, max_idle_ns: 881590591483 ns
[    0.000004] tsc: Detected 2649.998 MHz processor
[    0.000496] e820: update [mem 0x00000000-0x00000fff] usable ==> reserved
[    0.000498] e820: remove [mem 0x000a0000-0x000fffff] usable
[    0.000503] last_pfn = 0xbf3f000 max_arch_pfn = 0x400000000
[    0.000549] MTRR default type: write-back
[    0.000549] MTRR fixed ranges enabled:
[    0.000550]   00000-9FFFF write-back
[    0.000551]   A0000-BFFFF uncachable
[    0.000552]   C0000-FFFFF write-protect
[    0.000552] MTRR variable ranges enabled:
[    0.000553]   0 base 0000C0000000 mask FFFFC0000000 uncachable
[    0.000554]   1 disabled
[    0.000554]   2 disabled
[    0.000555]   3 disabled
[    0.000555]   4 disabled
[    0.000555]   5 disabled
[    0.000556]   6 disabled
[    0.000556]   7 disabled
[    0.000642] x86/PAT: Configuration [0-7]: WB  WC  UC- UC  WB  WP  UC- WT  
[    0.000697] last_pfn = 0xbffd8 max_arch_pfn = 0x400000000
[    0.004076] check: Scanning 1 areas for low memory corruption
[    0.004154] Using GB pages for direct mapping
[    0.004410] RAMDISK: [mem 0x369b3000-0x374d0fff]
[    0.004491] ACPI: Early table checksum verification disabled
[    0.004496] ACPI: RSDP 0x00000000000F8F00 000014 (v00 AMAZON)
[    0.004535] ACPI: RSDT 0x00000000BFFE0B40 000044 (v01 AMAZON AMZNRSDT 00000001 AMZN 00000001)
[    0.004539] ACPI: WAET 0x00000000BFFEFFC0 000028 (v01 AMAZON AMZNWAET 00000001 AMZN 00000001)
[    0.004542] ACPI: SLIT 0x00000000BFFEFF40 00006C (v01 AMAZON AMZNSLIT 00000001 AMZN 00000001)
[    0.004544] ACPI: APIC 0x00000000BFFEF8C0 000666 (v01 AMAZON AMZNAPIC 00000001 AMZN 00000001)
[    0.004546] ACPI: SRAT 0x00000000BFFEEBC0 000CF8 (v01 AMAZON AMZNSRAT 00000001 AMZN 00000001)
[    0.004548] ACPI: FACP 0x00000000BFFEEA80 000114 (v01 AMAZON AMZNFACP 00000001 AMZN 00000001)
[    0.004553] ACPI: DSDT 0x00000000BFFED3C0 001658 (v01 AMAZON AMZNDSDT 00000001 AMZN 00000001)
[    0.004555] ACPI: FACS 0x00000000000F8EC0 000040
[    0.004557] ACPI: HPET 0x00000000BFFEEA40 000038 (v01 AMAZON AMZNHPET 00000001 AMZN 00000001)
[    0.004559] ACPI: SSDT 0x00000000BFFE0C40 00C752 (v01 AMAZON AMZNSSDT 00000001 AMZN 00000001)
[    0.004561] ACPI: SSDT 0x00000000BFFE0BC0 00007F (v01 AMAZON AMZNSSDT 00000001 AMZN 00000001)
[    0.004563] ACPI: Reserving WAET table memory at [mem 0xbffeffc0-0xbffeffe7]
[    0.004564] ACPI: Reserving SLIT table memory at [mem 0xbffeff40-0xbffeffab]
[    0.004565] ACPI: Reserving APIC table memory at [mem 0xbffef8c0-0xbffeff25]
[    0.004566] ACPI: Reserving SRAT table memory at [mem 0xbffeebc0-0xbffef8b7]
[    0.004566] ACPI: Reserving FACP table memory at [mem 0xbffeea80-0xbffeeb93]
[    0.004567] ACPI: Reserving DSDT table memory at [mem 0xbffed3c0-0xbffeea17]
[    0.004568] ACPI: Reserving FACS table memory at [mem 0xf8ec0-0xf8eff]
[    0.004569] ACPI: Reserving HPET table memory at [mem 0xbffeea40-0xbffeea77]
[    0.004569] ACPI: Reserving SSDT table memory at [mem 0xbffe0c40-0xbffed391]
[    0.004570] ACPI: Reserving SSDT table memory at [mem 0xbffe0bc0-0xbffe0c3e]
[    0.004583] ACPI: Local APIC address 0xfee00000
[    0.004610] SRAT: PXM 0 -> APIC 0x00 -> Node 0
[    0.004611] SRAT: PXM 0 -> APIC 0x01 -> Node 0
[    0.004611] SRAT: PXM 0 -> APIC 0x02 -> Node 0
[    0.004612] SRAT: PXM 0 -> APIC 0x03 -> Node 0
[    0.004613] SRAT: PXM 0 -> APIC 0x04 -> Node 0
[    0.004613] SRAT: PXM 0 -> APIC 0x05 -> Node 0
[    0.004614] SRAT: PXM 0 -> APIC 0x06 -> Node 0
[    0.004615] SRAT: PXM 0 -> APIC 0x07 -> Node 0
[    0.004615] SRAT: PXM 0 -> APIC 0x08 -> Node 0
[    0.004616] SRAT: PXM 0 -> APIC 0x09 -> Node 0
[    0.004616] SRAT: PXM 0 -> APIC 0x0a -> Node 0
[    0.004617] SRAT: PXM 0 -> APIC 0x0b -> Node 0
[    0.004618] SRAT: PXM 0 -> APIC 0x0c -> Node 0
[    0.004618] SRAT: PXM 0 -> APIC 0x0d -> Node 0
[    0.004619] SRAT: PXM 0 -> APIC 0x0e -> Node 0
[    0.004620] SRAT: PXM 0 -> APIC 0x0f -> Node 0
[    0.004620] SRAT: PXM 0 -> APIC 0x10 -> Node 0
[    0.004621] SRAT: PXM 0 -> APIC 0x11 -> Node 0
[    0.004622] SRAT: PXM 0 -> APIC 0x12 -> Node 0
[    0.004622] SRAT: PXM 0 -> APIC 0x13 -> Node 0
[    0.004623] SRAT: PXM 0 -> APIC 0x14 -> Node 0
[    0.004623] SRAT: PXM 0 -> APIC 0x15 -> Node 0
[    0.004624] SRAT: PXM 0 -> APIC 0x16 -> Node 0
[    0.004625] SRAT: PXM 0 -> APIC 0x17 -> Node 0
[    0.004625] SRAT: PXM 0 -> APIC 0x18 -> Node 0
[    0.004626] SRAT: PXM 0 -> APIC 0x19 -> Node 0
[    0.004627] SRAT: PXM 0 -> APIC 0x1a -> Node 0
[    0.004627] SRAT: PXM 0 -> APIC 0x1b -> Node 0
[    0.004628] SRAT: PXM 0 -> APIC 0x1c -> Node 0
[    0.004628] SRAT: PXM 0 -> APIC 0x1d -> Node 0
[    0.004629] SRAT: PXM 0 -> APIC 0x1e -> Node 0
[    0.004630] SRAT: PXM 0 -> APIC 0x1f -> Node 0
[    0.004630] SRAT: PXM 0 -> APIC 0x20 -> Node 0
[    0.004631] SRAT: PXM 0 -> APIC 0x21 -> Node 0
[    0.004632] SRAT: PXM 0 -> APIC 0x22 -> Node 0
[    0.004632] SRAT: PXM 0 -> APIC 0x23 -> Node 0
[    0.004633] SRAT: PXM 0 -> APIC 0x24 -> Node 0
[    0.004633] SRAT: PXM 0 -> APIC 0x25 -> Node 0
[    0.004634] SRAT: PXM 0 -> APIC 0x26 -> Node 0
[    0.004635] SRAT: PXM 0 -> APIC 0x27 -> Node 0
[    0.004635] SRAT: PXM 0 -> APIC 0x28 -> Node 0
[    0.004636] SRAT: PXM 0 -> APIC 0x29 -> Node 0
[    0.004637] SRAT: PXM 0 -> APIC 0x2a -> Node 0
[    0.004637] SRAT: PXM 0 -> APIC 0x2b -> Node 0
[    0.004638] SRAT: PXM 0 -> APIC 0x2c -> Node 0
[    0.004639] SRAT: PXM 0 -> APIC 0x2d -> Node 0
[    0.004639] SRAT: PXM 0 -> APIC 0x2e -> Node 0
[    0.004640] SRAT: PXM 0 -> APIC 0x2f -> Node 0
[    0.004641] SRAT: PXM 1 -> APIC 0x40 -> Node 1
[    0.004641] SRAT: PXM 1 -> APIC 0x41 -> Node 1
[    0.004642] SRAT: PXM 1 -> APIC 0x42 -> Node 1
[    0.004642] SRAT: PXM 1 -> APIC 0x43 -> Node 1
[    0.004643] SRAT: PXM 1 -> APIC 0x44 -> Node 1
[    0.004644] SRAT: PXM 1 -> APIC 0x45 -> Node 1
[    0.004644] SRAT: PXM 1 -> APIC 0x46 -> Node 1
[    0.004645] SRAT: PXM 1 -> APIC 0x47 -> Node 1
[    0.004646] SRAT: PXM 1 -> APIC 0x48 -> Node 1
[    0.004646] SRAT: PXM 1 -> APIC 0x49 -> Node 1
[    0.004647] SRAT: PXM 1 -> APIC 0x4a -> Node 1
[    0.004647] SRAT: PXM 1 -> APIC 0x4b -> Node 1
[    0.004648] SRAT: PXM 1 -> APIC 0x4c -> Node 1
[    0.004649] SRAT: PXM 1 -> APIC 0x4d -> Node 1
[    0.004649] SRAT: PXM 1 -> APIC 0x4e -> Node 1
[    0.004650] SRAT: PXM 1 -> APIC 0x4f -> Node 1
[    0.004651] SRAT: PXM 1 -> APIC 0x50 -> Node 1
[    0.004651] SRAT: PXM 1 -> APIC 0x51 -> Node 1
[    0.004652] SRAT: PXM 1 -> APIC 0x52 -> Node 1
[    0.004652] SRAT: PXM 1 -> APIC 0x53 -> Node 1
[    0.004653] SRAT: PXM 1 -> APIC 0x54 -> Node 1
[    0.004654] SRAT: PXM 1 -> APIC 0x55 -> Node 1
[    0.004654] SRAT: PXM 1 -> APIC 0x56 -> Node 1
[    0.004655] SRAT: PXM 1 -> APIC 0x57 -> Node 1
[    0.004656] SRAT: PXM 1 -> APIC 0x58 -> Node 1
[    0.004656] SRAT: PXM 1 -> APIC 0x59 -> Node 1
[    0.004657] SRAT: PXM 1 -> APIC 0x5a -> Node 1
[    0.004658] SRAT: PXM 1 -> APIC 0x5b -> Node 1
[    0.004658] SRAT: PXM 1 -> APIC 0x5c -> Node 1
[    0.004659] SRAT: PXM 1 -> APIC 0x5d -> Node 1
[    0.004659] SRAT: PXM 1 -> APIC 0x5e -> Node 1
[    0.004660] SRAT: PXM 1 -> APIC 0x5f -> Node 1
[    0.004661] SRAT: PXM 1 -> APIC 0x60 -> Node 1
[    0.004661] SRAT: PXM 1 -> APIC 0x61 -> Node 1
[    0.004662] SRAT: PXM 1 -> APIC 0x62 -> Node 1
[    0.004663] SRAT: PXM 1 -> APIC 0x63 -> Node 1
[    0.004663] SRAT: PXM 1 -> APIC 0x64 -> Node 1
[    0.004664] SRAT: PXM 1 -> APIC 0x65 -> Node 1
[    0.004664] SRAT: PXM 1 -> APIC 0x66 -> Node 1
[    0.004665] SRAT: PXM 1 -> APIC 0x67 -> Node 1
[    0.004666] SRAT: PXM 1 -> APIC 0x68 -> Node 1
[    0.004666] SRAT: PXM 1 -> APIC 0x69 -> Node 1
[    0.004667] SRAT: PXM 1 -> APIC 0x6a -> Node 1
[    0.004668] SRAT: PXM 1 -> APIC 0x6b -> Node 1
[    0.004668] SRAT: PXM 1 -> APIC 0x6c -> Node 1
[    0.004669] SRAT: PXM 1 -> APIC 0x6d -> Node 1
[    0.004669] SRAT: PXM 1 -> APIC 0x6e -> Node 1
[    0.004670] SRAT: PXM 1 -> APIC 0x6f -> Node 1
[    0.004671] SRAT: PXM 2 -> APIC 0x80 -> Node 2
[    0.004671] SRAT: PXM 2 -> APIC 0x81 -> Node 2
[    0.004672] SRAT: PXM 2 -> APIC 0x82 -> Node 2
[    0.004673] SRAT: PXM 2 -> APIC 0x83 -> Node 2
[    0.004673] SRAT: PXM 2 -> APIC 0x84 -> Node 2
[    0.004674] SRAT: PXM 2 -> APIC 0x85 -> Node 2
[    0.004675] SRAT: PXM 2 -> APIC 0x86 -> Node 2
[    0.004675] SRAT: PXM 2 -> APIC 0x87 -> Node 2
[    0.004676] SRAT: PXM 2 -> APIC 0x88 -> Node 2
[    0.004676] SRAT: PXM 2 -> APIC 0x89 -> Node 2
[    0.004677] SRAT: PXM 2 -> APIC 0x8a -> Node 2
[    0.004678] SRAT: PXM 2 -> APIC 0x8b -> Node 2
[    0.004678] SRAT: PXM 2 -> APIC 0x8c -> Node 2
[    0.004679] SRAT: PXM 2 -> APIC 0x8d -> Node 2
[    0.004680] SRAT: PXM 2 -> APIC 0x8e -> Node 2
[    0.004680] SRAT: PXM 2 -> APIC 0x8f -> Node 2
[    0.004681] SRAT: PXM 2 -> APIC 0x90 -> Node 2
[    0.004681] SRAT: PXM 2 -> APIC 0x91 -> Node 2
[    0.004682] SRAT: PXM 2 -> APIC 0x92 -> Node 2
[    0.004683] SRAT: PXM 2 -> APIC 0x93 -> Node 2
[    0.004683] SRAT: PXM 2 -> APIC 0x94 -> Node 2
[    0.004684] SRAT: PXM 2 -> APIC 0x95 -> Node 2
[    0.004685] SRAT: PXM 2 -> APIC 0x96 -> Node 2
[    0.004685] SRAT: PXM 2 -> APIC 0x97 -> Node 2
[    0.004686] SRAT: PXM 2 -> APIC 0x98 -> Node 2
[    0.004687] SRAT: PXM 2 -> APIC 0x99 -> Node 2
[    0.004687] SRAT: PXM 2 -> APIC 0x9a -> Node 2
[    0.004688] SRAT: PXM 2 -> APIC 0x9b -> Node 2
[    0.004688] SRAT: PXM 2 -> APIC 0x9c -> Node 2
[    0.004689] SRAT: PXM 2 -> APIC 0x9d -> Node 2
[    0.004690] SRAT: PXM 2 -> APIC 0x9e -> Node 2
[    0.004690] SRAT: PXM 2 -> APIC 0x9f -> Node 2
[    0.004691] SRAT: PXM 2 -> APIC 0xa0 -> Node 2
[    0.004692] SRAT: PXM 2 -> APIC 0xa1 -> Node 2
[    0.004692] SRAT: PXM 2 -> APIC 0xa2 -> Node 2
[    0.004693] SRAT: PXM 2 -> APIC 0xa3 -> Node 2
[    0.004693] SRAT: PXM 2 -> APIC 0xa4 -> Node 2
[    0.004694] SRAT: PXM 2 -> APIC 0xa5 -> Node 2
[    0.004695] SRAT: PXM 2 -> APIC 0xa6 -> Node 2
[    0.004695] SRAT: PXM 2 -> APIC 0xa7 -> Node 2
[    0.004696] SRAT: PXM 2 -> APIC 0xa8 -> Node 2
[    0.004697] SRAT: PXM 2 -> APIC 0xa9 -> Node 2
[    0.004697] SRAT: PXM 2 -> APIC 0xaa -> Node 2
[    0.004698] SRAT: PXM 2 -> APIC 0xab -> Node 2
[    0.004698] SRAT: PXM 2 -> APIC 0xac -> Node 2
[    0.004699] SRAT: PXM 2 -> APIC 0xad -> Node 2
[    0.004700] SRAT: PXM 2 -> APIC 0xae -> Node 2
[    0.004700] SRAT: PXM 2 -> APIC 0xaf -> Node 2
[    0.004701] SRAT: PXM 3 -> APIC 0xc0 -> Node 3
[    0.004702] SRAT: PXM 3 -> APIC 0xc1 -> Node 3
[    0.004702] SRAT: PXM 3 -> APIC 0xc2 -> Node 3
[    0.004703] SRAT: PXM 3 -> APIC 0xc3 -> Node 3
[    0.004704] SRAT: PXM 3 -> APIC 0xc4 -> Node 3
[    0.004704] SRAT: PXM 3 -> APIC 0xc5 -> Node 3
[    0.004705] SRAT: PXM 3 -> APIC 0xc6 -> Node 3
[    0.004705] SRAT: PXM 3 -> APIC 0xc7 -> Node 3
[    0.004706] SRAT: PXM 3 -> APIC 0xc8 -> Node 3
[    0.004707] SRAT: PXM 3 -> APIC 0xc9 -> Node 3
[    0.004707] SRAT: PXM 3 -> APIC 0xca -> Node 3
[    0.004708] SRAT: PXM 3 -> APIC 0xcb -> Node 3
[    0.004709] SRAT: PXM 3 -> APIC 0xcc -> Node 3
[    0.004709] SRAT: PXM 3 -> APIC 0xcd -> Node 3
[    0.004710] SRAT: PXM 3 -> APIC 0xce -> Node 3
[    0.004711] SRAT: PXM 3 -> APIC 0xcf -> Node 3
[    0.004711] SRAT: PXM 3 -> APIC 0xd0 -> Node 3
[    0.004712] SRAT: PXM 3 -> APIC 0xd1 -> Node 3
[    0.004712] SRAT: PXM 3 -> APIC 0xd2 -> Node 3
[    0.004713] SRAT: PXM 3 -> APIC 0xd3 -> Node 3
[    0.004714] SRAT: PXM 3 -> APIC 0xd4 -> Node 3
[    0.004714] SRAT: PXM 3 -> APIC 0xd5 -> Node 3
[    0.004715] SRAT: PXM 3 -> APIC 0xd6 -> Node 3
[    0.004716] SRAT: PXM 3 -> APIC 0xd7 -> Node 3
[    0.004716] SRAT: PXM 3 -> APIC 0xd8 -> Node 3
[    0.004717] SRAT: PXM 3 -> APIC 0xd9 -> Node 3
[    0.004717] SRAT: PXM 3 -> APIC 0xda -> Node 3
[    0.004718] SRAT: PXM 3 -> APIC 0xdb -> Node 3
[    0.004719] SRAT: PXM 3 -> APIC 0xdc -> Node 3
[    0.004719] SRAT: PXM 3 -> APIC 0xdd -> Node 3
[    0.004720] SRAT: PXM 3 -> APIC 0xde -> Node 3
[    0.004721] SRAT: PXM 3 -> APIC 0xdf -> Node 3
[    0.004721] SRAT: PXM 3 -> APIC 0xe0 -> Node 3
[    0.004722] SRAT: PXM 3 -> APIC 0xe1 -> Node 3
[    0.004722] SRAT: PXM 3 -> APIC 0xe2 -> Node 3
[    0.004723] SRAT: PXM 3 -> APIC 0xe3 -> Node 3
[    0.004724] SRAT: PXM 3 -> APIC 0xe4 -> Node 3
[    0.004724] SRAT: PXM 3 -> APIC 0xe5 -> Node 3
[    0.004725] SRAT: PXM 3 -> APIC 0xe6 -> Node 3
[    0.004726] SRAT: PXM 3 -> APIC 0xe7 -> Node 3
[    0.004726] SRAT: PXM 3 -> APIC 0xe8 -> Node 3
[    0.004727] SRAT: PXM 3 -> APIC 0xe9 -> Node 3
[    0.004728] SRAT: PXM 3 -> APIC 0xea -> Node 3
[    0.004728] SRAT: PXM 3 -> APIC 0xeb -> Node 3
[    0.004729] SRAT: PXM 3 -> APIC 0xec -> Node 3
[    0.004729] SRAT: PXM 3 -> APIC 0xed -> Node 3
[    0.004730] SRAT: PXM 3 -> APIC 0xee -> Node 3
[    0.004731] SRAT: PXM 3 -> APIC 0xef -> Node 3
[    0.004734] ACPI: SRAT: Node 0 PXM 0 [mem 0x00000000-0xbfffffff]
[    0.004735] ACPI: SRAT: Node 0 PXM 0 [mem 0x100000000-0x303fffffff]
[    0.004735] ACPI: SRAT: Node 1 PXM 1 [mem 0x3040000000-0x603fffffff]
[    0.004736] ACPI: SRAT: Node 2 PXM 2 [mem 0x6040000000-0x903fffffff]
[    0.004737] ACPI: SRAT: Node 3 PXM 3 [mem 0x9040000000-0xc03fffffff]
[    0.004741] NUMA: Initialized distance table, cnt=4
[    0.004743] NUMA: Node 0 [mem 0x00000000-0xbfffffff] + [mem 0x100000000-0x303fffffff] -> [mem 0x00000000-0x303fffffff]
[    0.004751] NODE_DATA(0) allocated [mem 0x2f3efde000-0x2f3effffff]
[    0.004828] NODE_DATA(1) allocated [mem 0x5f3efde000-0x5f3effffff]
[    0.004876] NODE_DATA(2) allocated [mem 0x8f3efde000-0x8f3effffff]
[    0.004927] NODE_DATA(3) allocated [mem 0xbf3efdc000-0xbf3effdfff]
[    0.005641] Zone ranges:
[    0.005642]   DMA      [mem 0x0000000000001000-0x0000000000ffffff]
[    0.005644]   DMA32    [mem 0x0000000001000000-0x00000000ffffffff]
[    0.005645]   Normal   [mem 0x0000000100000000-0x000000bf3effffff]
[    0.005646] Movable zone start for each node
[    0.005648] Early memory node ranges
[    0.005649]   node   0: [mem 0x0000000000001000-0x000000000009efff]
[    0.005650]   node   0: [mem 0x0000000000100000-0x00000000bffd7fff]
[    0.005651]   node   0: [mem 0x0000000100000000-0x0000002f3effffff]
[    0.005663]   node   1: [mem 0x0000003040000000-0x0000005f3effffff]
[    0.005676]   node   2: [mem 0x0000006040000000-0x0000008f3effffff]
[    0.005689]   node   3: [mem 0x0000009040000000-0x000000bf3effffff]
[    0.005702] Initmem setup node 0 [mem 0x0000000000001000-0x0000002f3effffff]
[    0.005704] On node 0 totalpages: 49278838
[    0.005706]   DMA zone: 64 pages used for memmap
[    0.005706]   DMA zone: 21 pages reserved
[    0.005707]   DMA zone: 3998 pages, LIFO batch:0
[    0.005708]   DMA32 zone: 12224 pages used for memmap
[    0.005708]   DMA32 zone: 782296 pages, LIFO batch:63
[    0.005709]   Normal zone: 757696 pages used for memmap
[    0.005709]   Normal zone: 48492544 pages, LIFO batch:63
[    0.005710] Initmem setup node 1 [mem 0x0000003040000000-0x0000005f3effffff]
[    0.005711] On node 1 totalpages: 49278976
[    0.005711]   Normal zone: 769984 pages used for memmap
[    0.005712]   Normal zone: 49278976 pages, LIFO batch:63
[    0.005713] Initmem setup node 2 [mem 0x0000006040000000-0x0000008f3effffff]
[    0.005714] On node 2 totalpages: 49278976
[    0.005714]   Normal zone: 769984 pages used for memmap
[    0.005714]   Normal zone: 49278976 pages, LIFO batch:63
[    0.005715] Initmem setup node 3 [mem 0x0000009040000000-0x000000bf3effffff]
[    0.005716] On node 3 totalpages: 49278976
[    0.005716]   Normal zone: 769984 pages used for memmap
[    0.005717]   Normal zone: 49278976 pages, LIFO batch:63
[    0.005758] On node 0, zone DMA: 1 pages in unavailable ranges
[    0.005784] On node 0, zone DMA: 97 pages in unavailable ranges
[    0.010965] On node 0, zone Normal: 40 pages in unavailable ranges
[    0.011331] On node 1, zone Normal: 4096 pages in unavailable ranges
[    0.011688] On node 2, zone Normal: 4096 pages in unavailable ranges
[    0.012054] On node 3, zone Normal: 4096 pages in unavailable ranges
[    0.012133] On node 3, zone Normal: 4096 pages in unavailable ranges
[    0.012530] ACPI: PM-Timer IO Port: 0xb008
[    0.012533] ACPI: Local APIC address 0xfee00000
[    0.012560] ACPI: LAPIC_NMI (acpi_id[0xff] dfl dfl lint[0x1])
[    0.012610] IOAPIC[0]: apic_id 0, version 32, address 0xfec00000, GSI 0-23
[    0.012613] ACPI: INT_SRC_OVR (bus 0 bus_irq 5 global_irq 5 high level)
[    0.012614] ACPI: INT_SRC_OVR (bus 0 bus_irq 9 global_irq 9 high level)
[    0.012616] ACPI: INT_SRC_OVR (bus 0 bus_irq 10 global_irq 10 high level)
[    0.012617] ACPI: INT_SRC_OVR (bus 0 bus_irq 11 global_irq 11 high level)
[    0.012618] ACPI: IRQ5 used by override.
[    0.012619] ACPI: IRQ9 used by override.
[    0.012619] ACPI: IRQ10 used by override.
[    0.012620] ACPI: IRQ11 used by override.
[    0.012622] Using ACPI (MADT) for SMP configuration information
[    0.012624] ACPI: HPET id: 0x8086a201 base: 0xfed00000
[    0.012632] smpboot: Allowing 192 CPUs, 0 hotplug CPUs
[    0.012663] PM: hibernation: Registered nosave memory: [mem 0x00000000-0x00000fff]
[    0.012664] PM: hibernation: Registered nosave memory: [mem 0x0009f000-0x0009ffff]
[    0.012665] PM: hibernation: Registered nosave memory: [mem 0x000a0000-0x000effff]
[    0.012665] PM: hibernation: Registered nosave memory: [mem 0x000f0000-0x000fffff]
[    0.012667] PM: hibernation: Registered nosave memory: [mem 0xbffd8000-0xbfffffff]
[    0.012667] PM: hibernation: Registered nosave memory: [mem 0xc0000000-0xdfffffff]
[    0.012668] PM: hibernation: Registered nosave memory: [mem 0xe0000000-0xe03fffff]
[    0.012669] PM: hibernation: Registered nosave memory: [mem 0xe0400000-0xfffbffff]
[    0.012669] PM: hibernation: Registered nosave memory: [mem 0xfffc0000-0xffffffff]
[    0.012671] PM: hibernation: Registered nosave memory: [mem 0x2f3f000000-0x303fffffff]
[    0.012672] PM: hibernation: Registered nosave memory: [mem 0x5f3f000000-0x603fffffff]
[    0.012673] PM: hibernation: Registered nosave memory: [mem 0x8f3f000000-0x903fffffff]
[    0.012675] [mem 0xc0000000-0xdfffffff] available for PCI devices
[    0.012676] Booting paravirtualized kernel on KVM
[    0.012680] clocksource: refined-jiffies: mask: 0xffffffff max_cycles: 0xffffffff, max_idle_ns: 7645519600211568 ns
[    0.016009] setup_percpu: NR_CPUS:8192 nr_cpumask_bits:192 nr_cpu_ids:192 nr_node_ids:4
[    0.022255] percpu: Embedded 62 pages/cpu s217088 r8192 d28672 u262144
[    0.022267] pcpu-alloc: s217088 r8192 d28672 u262144 alloc=1*2097152
[    0.022268] pcpu-alloc: [0] 000 001 002 003 004 005 006 007 
[    0.022272] pcpu-alloc: [0] 008 009 010 011 012 013 014 015 
[    0.022275] pcpu-alloc: [0] 016 017 018 019 020 021 022 023 
[    0.022279] pcpu-alloc: [0] 096 097 098 099 100 101 102 103 
[    0.022282] pcpu-alloc: [0] 104 105 106 107 108 109 110 111 
[    0.022285] pcpu-alloc: [0] 112 113 114 115 116 117 118 119 
[    0.022288] pcpu-alloc: [1] 024 025 026 027 028 029 030 031 
[    0.022292] pcpu-alloc: [1] 032 033 034 035 036 037 038 039 
[    0.022295] pcpu-alloc: [1] 040 041 042 043 044 045 046 047 
[    0.022298] pcpu-alloc: [1] 120 121 122 123 124 125 126 127 
[    0.022301] pcpu-alloc: [1] 128 129 130 131 132 133 134 135 
[    0.022305] pcpu-alloc: [1] 136 137 138 139 140 141 142 143 
[    0.022308] pcpu-alloc: [2] 048 049 050 051 052 053 054 055 
[    0.022311] pcpu-alloc: [2] 056 057 058 059 060 061 062 063 
[    0.022314] pcpu-alloc: [2] 064 065 066 067 068 069 070 071 
[    0.022317] pcpu-alloc: [2] 144 145 146 147 148 149 150 151 
[    0.022321] pcpu-alloc: [2] 152 153 154 155 156 157 158 159 
[    0.022324] pcpu-alloc: [2] 160 161 162 163 164 165 166 167 
[    0.022327] pcpu-alloc: [3] 072 073 074 075 076 077 078 079 
[    0.022330] pcpu-alloc: [3] 080 081 082 083 084 085 086 087 
[    0.022334] pcpu-alloc: [3] 088 089 090 091 092 093 094 095 
[    0.022337] pcpu-alloc: [3] 168 169 170 171 172 173 174 175 
[    0.022340] pcpu-alloc: [3] 176 177 178 179 180 181 182 183 
[    0.022343] pcpu-alloc: [3] 184 185 186 187 188 189 190 191 
[    0.022404] kvm-guest: stealtime: cpu 0, msr 2e82234080
[    0.022407] kvm-guest: PV spinlocks disabled, no host support
[    0.022433] Built 4 zonelists, mobility grouping on.  Total pages: 194035809
[    0.022433] Policy zone: Normal
[    0.022435] Kernel command line: BOOT_IMAGE=/boot/vmlinuz-5.10.213-201.855.amzn2.x86_64 root=UUID=9c1eee52-5e8d-4948-8929-ae5a65aab30c ro console=tty0 console=ttyS0,115200n8 net.ifnames=0 biosdevname=0 nvme_core.io_timeout=4294967295 rd.emergency=poweroff rd.shell=0 LANG=en_US.UTF-8 KEYTABLE=us psi=1 clocksource=tsc tsc=reliable
[    0.022552] Fallback order for Node 0: 0 1 2 3 
[    0.022554] Fallback order for Node 1: 1 0 3 2 
[    0.022554] Fallback order for Node 2: 2 3 0 1 
[    0.022555] Fallback order for Node 3: 3 2 1 0 
[    0.024318] mem auto-init: stack:off, heap alloc:off, heap free:off
[    0.172683] Memory: 3592200K/788463064K available (12300K kernel code, 9441K rwdata, 8012K rodata, 2464K init, 18756K bss, 12504344K reserved, 0K cma-reserved)
[    0.173566] SLUB: HWalign=64, Order=0-3, MinObjects=0, CPUs=192, Nodes=4
[    0.173625] ftrace: allocating 40105 entries in 157 pages
[    0.192924] ftrace: allocated 157 pages with 5 groups
[    0.193509] rcu: Hierarchical RCU implementation.
[    0.193511] rcu: 	RCU restricting CPUs from NR_CPUS=8192 to nr_cpu_ids=192.
[    0.193512] 	Rude variant of Tasks RCU enabled.
[    0.193513] 	Tracing variant of Tasks RCU enabled.
[    0.193514] rcu: RCU calculated value of scheduler-enlistment delay is 25 jiffies.
[    0.193515] rcu: Adjusting geometry for rcu_fanout_leaf=16, nr_cpu_ids=192
[    0.197015] NR_IRQS: 524544, nr_irqs: 1960, preallocated irqs: 16
[    0.197272] random: crng init done
[    0.276446] Console: colour VGA+ 80x25
[    1.229160] printk: console [tty0] enabled
[    1.527274] printk: console [ttyS0] enabled
[    1.530371] mempolicy: Disabling automatic NUMA balancing. Configure with numa_balancing= or the kernel.numa_balancing sysctl
[    1.537176] ACPI: Core revision 20200925
[    1.540241] clocksource: hpet: mask: 0xffffffff max_cycles: 0xffffffff, max_idle_ns: 30580167144 ns
[    1.546329] APIC: Switch to symmetric I/O mode setup
[    1.550070] x2apic enabled
[    1.552905] Switched APIC routing to physical x2apic.
[    1.557805] ..TIMER: vector=0x30 apic1=0 pin1=0 apic2=-1 pin2=-1
[    1.561526] clocksource: tsc-early: mask: 0xffffffffffffffff max_cycles: 0x2632bb35aa3, max_idle_ns: 440795244412 ns
[    1.568033] Calibrating delay loop (skipped) preset value.. 5299.99 BogoMIPS (lpj=10599992)
[    1.576178] Last level iTLB entries: 4KB 512, 2MB 512, 4MB 256
[    1.579682] Last level dTLB entries: 4KB 2048, 2MB 2048, 4MB 1024, 1GB 0
[    1.580033] Spectre V1 : Mitigation: usercopy/swapgs barriers and __user pointer sanitization
[    1.584031] Spectre V2 : Mitigation: Retpolines
[    1.588028] Spectre V2 : Spectre v2 / SpectreRSB mitigation: Filling RSB on context switch
[    1.592029] Spectre V2 : Enabling Restricted Speculation for firmware calls
[    1.596030] Spectre V2 : mitigation: Enabling conditional Indirect Branch Prediction Barrier
[    1.600028] Spectre V2 : User space: Mitigation: STIBP always-on protection
[    1.604030] Speculative Store Bypass: Mitigation: Speculative Store Bypass disabled via prctl and seccomp
[    1.608037] Speculative Return Stack Overflow: IBPB-extending microcode not applied!
[    1.612029] Speculative Return Stack Overflow: WARNING: See https://kernel.org/doc/html/latest/admin-guide/hw-vuln/srso.html for mitigation options.
[    1.612030] Speculative Return Stack Overflow: Mitigation: safe RET, no microcode
[    1.620052] x86/fpu: Supporting XSAVE feature 0x001: 'x87 floating point registers'
[    1.624028] x86/fpu: Supporting XSAVE feature 0x002: 'SSE registers'
[    1.628028] x86/fpu: Supporting XSAVE feature 0x004: 'AVX registers'
[    1.632031] x86/fpu: xstate_offset[2]:  576, xstate_sizes[2]:  256
[    1.636029] x86/fpu: Enabled xstate features 0x7, context size is 832 bytes, using 'standard' format.
[    1.664748] Freeing SMP alternatives memory: 32K
[    1.669055] pid_max: default: 196608 minimum: 1536
[    1.672391] LSM: Security Framework initializing
[    1.675480] Yama: becoming mindful.
[    1.676064] SELinux:  Initializing.
[    1.680111] LSM support for eBPF active
[    1.713897] Dentry cache hash table entries: 33554432 (order: 16, 268435456 bytes, vmalloc)
[    1.733431] Inode-cache hash table entries: 16777216 (order: 15, 134217728 bytes, vmalloc)
[    1.736512] Mount-cache hash table entries: 524288 (order: 10, 4194304 bytes, vmalloc)
[    1.740468] Mountpoint-cache hash table entries: 524288 (order: 10, 4194304 bytes, vmalloc)
[    1.856286] smpboot: CPU0: AMD EPYC 7R13 Processor (family: 0x19, model: 0x1, stepping: 0x1)
[    1.860286] Performance Events: Fam17h+ core perfctr, AMD PMU driver.
[    1.864032] ... version:                0
[    1.868029] ... bit width:              48
[    1.870901] ... generic registers:      6
[    1.872029] ... value mask:             0000ffffffffffff
[    1.876029] ... max period:             00007fffffffffff
[    1.880029] ... fixed-purpose events:   0
[    1.882910] ... event mask:             000000000000003f
[    1.884263] rcu: Hierarchical SRCU implementation.
[    1.893106] smp: Bringing up secondary CPUs ...
[    1.896168] x86: Booting SMP configuration:
[    1.899159] .... node  #0, CPUs:          #1
[    1.358774] kvm-clock: cpu 1, msr 8ad1601041, secondary cpu clock
[    1.901283] kvm-guest: stealtime: cpu 1, msr 2e82274080
[    1.908183]    #2
[    1.358774] kvm-clock: cpu 2, msr 8ad1601081, secondary cpu clock
[    1.909236] kvm-guest: stealtime: cpu 2, msr 2e822b4080
[    1.916170]    #3
[    1.358774] kvm-clock: cpu 3, msr 8ad16010c1, secondary cpu clock
[    1.917204] kvm-guest: stealtime: cpu 3, msr 2e822f4080
[    1.924178]    #4
[    1.358774] kvm-clock: cpu 4, msr 8ad1601101, secondary cpu clock
[    1.925180] kvm-guest: stealtime: cpu 4, msr 2e82334080
[    1.932178]    #5
[    1.358774] kvm-clock: cpu 5, msr 8ad1601141, secondary cpu clock
[    1.933313] kvm-guest: stealtime: cpu 5, msr 2e82374080
[    1.940169]    #6
[    1.358774] kvm-clock: cpu 6, msr 8ad1601181, secondary cpu clock
[    1.941313] kvm-guest: stealtime: cpu 6, msr 2e823b4080
[    1.948143]    #7
[    1.358774] kvm-clock: cpu 7, msr 8ad16011c1, secondary cpu clock
[    1.949230] kvm-guest: stealtime: cpu 7, msr 2e823f4080
[    1.956143]    #8
[    1.358774] kvm-clock: cpu 8, msr 8ad1601201, secondary cpu clock
[    1.958028] kvm-guest: stealtime: cpu 8, msr 2e82434080
[    1.964176]    #9
[    1.358774] kvm-clock: cpu 9, msr 8ad1601241, secondary cpu clock
[    1.965212] kvm-guest: stealtime: cpu 9, msr 2e82474080
[    1.972186]   #10
[    1.358774] kvm-clock: cpu 10, msr 8ad1601281, secondary cpu clock
[    1.973323] kvm-guest: stealtime: cpu 10, msr 2e824b4080
[    1.980174]   #11
[    1.358774] kvm-clock: cpu 11, msr 8ad16012c1, secondary cpu clock
[    1.984068] kvm-guest: stealtime: cpu 11, msr 2e824f4080
[    1.988176]   #12
[    1.358774] kvm-clock: cpu 12, msr 8ad1601301, secondary cpu clock
[    1.992350] kvm-guest: stealtime: cpu 12, msr 2e82534080
[    1.996179]   #13
[    1.358774] kvm-clock: cpu 13, msr 8ad1601341, secondary cpu clock
[    2.000775] kvm-guest: stealtime: cpu 13, msr 2e82574080
[    2.008151]   #14
[    1.358774] kvm-clock: cpu 14, msr 8ad1601381, secondary cpu clock
[    2.009278] kvm-guest: stealtime: cpu 14, msr 2e825b4080
[    2.016275]   #15
[    1.358774] kvm-clock: cpu 15, msr 8ad16013c1, secondary cpu clock
[    2.017444] kvm-guest: stealtime: cpu 15, msr 2e825f4080
[    2.024204]   #16
[    1.358774] kvm-clock: cpu 16, msr 8ad1601401, secondary cpu clock
[    2.026091] kvm-guest: stealtime: cpu 16, msr 2e82634080
[    2.032177]   #17
[    1.358774] kvm-clock: cpu 17, msr 8ad1601441, secondary cpu clock
[    2.033230] kvm-guest: stealtime: cpu 17, msr 2e82674080
[    2.040177]   #18
[    1.358774] kvm-clock: cpu 18, msr 8ad1601481, secondary cpu clock
[    2.041203] kvm-guest: stealtime: cpu 18, msr 2e826b4080
[    2.048181]   #19
[    1.358774] kvm-clock: cpu 19, msr 8ad16014c1, secondary cpu clock
[    2.049311] kvm-guest: stealtime: cpu 19, msr 2e826f4080
[    2.056181]   #20
[    1.358774] kvm-clock: cpu 20, msr 8ad1601501, secondary cpu clock
[    2.060080] kvm-guest: stealtime: cpu 20, msr 2e82734080
[    2.064181]   #21
[    1.358774] kvm-clock: cpu 21, msr 8ad1601541, secondary cpu clock
[    2.068285] kvm-guest: stealtime: cpu 21, msr 2e82774080
[    2.072181]   #22
[    1.358774] kvm-clock: cpu 22, msr 8ad1601581, secondary cpu clock
[    2.076501] kvm-guest: stealtime: cpu 22, msr 2e827b4080
[    2.080181]   #23
[    1.358774] kvm-clock: cpu 23, msr 8ad16015c1, secondary cpu clock
[    2.084832] kvm-guest: stealtime: cpu 23, msr 2e827f4080

[    2.094458] .... node  #1, CPUs:    #24
[    1.358774] kvm-clock: cpu 24, msr 8ad1601601, secondary cpu clock
[    2.096560] kvm-guest: stealtime: cpu 24, msr 5e82234080
[    2.104039]   #25
[    1.358774] kvm-clock: cpu 25, msr 8ad1601641, secondary cpu clock
[    2.105181] kvm-guest: stealtime: cpu 25, msr 5e82274080
[    2.112271]   #26
[    1.358774] kvm-clock: cpu 26, msr 8ad1601681, secondary cpu clock
[    2.113428] kvm-guest: stealtime: cpu 26, msr 5e822b4080
[    2.120264]   #27
[    1.358774] kvm-clock: cpu 27, msr 8ad16016c1, secondary cpu clock
[    2.121423] kvm-guest: stealtime: cpu 27, msr 5e822f4080
[    2.128157]   #28
[    1.358774] kvm-clock: cpu 28, msr 8ad1601701, secondary cpu clock
[    2.129240] kvm-guest: stealtime: cpu 28, msr 5e82334080
[    2.136154]   #29
[    1.358774] kvm-clock: cpu 29, msr 8ad1601741, secondary cpu clock
[    2.137231] kvm-guest: stealtime: cpu 29, msr 5e82374080
[    2.144155]   #30
[    1.358774] kvm-clock: cpu 30, msr 8ad1601781, secondary cpu clock
[    2.145183] kvm-guest: stealtime: cpu 30, msr 5e823b4080
[    2.152156]   #31
[    1.358774] kvm-clock: cpu 31, msr 8ad16017c1, secondary cpu clock
[    2.153336] kvm-guest: stealtime: cpu 31, msr 5e823f4080
[    2.160182]   #32
[    1.358774] kvm-clock: cpu 32, msr 8ad1601801, secondary cpu clock
[    2.161965] kvm-guest: stealtime: cpu 32, msr 5e82434080
[    2.168183]   #33
[    1.358774] kvm-clock: cpu 33, msr 8ad1601841, secondary cpu clock
[    2.172251] kvm-guest: stealtime: cpu 33, msr 5e82474080
[    2.176182]   #34
[    1.358774] kvm-clock: cpu 34, msr 8ad1601881, secondary cpu clock
[    2.180420] kvm-guest: stealtime: cpu 34, msr 5e824b4080
[    2.184183]   #35
[    1.358774] kvm-clock: cpu 35, msr 8ad16018c1, secondary cpu clock
[    2.188789] kvm-guest: stealtime: cpu 35, msr 5e824f4080
[    2.196041]   #36
[    1.358774] kvm-clock: cpu 36, msr 8ad1601901, secondary cpu clock
[    2.197189] kvm-guest: stealtime: cpu 36, msr 5e82534080
[    2.204270]   #37
[    1.358774] kvm-clock: cpu 37, msr 8ad1601941, secondary cpu clock
[    2.205356] kvm-guest: stealtime: cpu 37, msr 5e82574080
[    2.212270]   #38
[    1.358774] kvm-clock: cpu 38, msr 8ad1601981, secondary cpu clock
[    2.213440] kvm-guest: stealtime: cpu 38, msr 5e825b4080
[    2.220170]   #39
[    1.358774] kvm-clock: cpu 39, msr 8ad16019c1, secondary cpu clock
[    2.221148] kvm-guest: stealtime: cpu 39, msr 5e825f4080
[    2.228162]   #40
[    1.358774] kvm-clock: cpu 40, msr 8ad1601a01, secondary cpu clock
[    2.229913] kvm-guest: stealtime: cpu 40, msr 5e82634080
[    2.236187]   #41
[    1.358774] kvm-clock: cpu 41, msr 8ad1601a41, secondary cpu clock
[    2.237331] kvm-guest: stealtime: cpu 41, msr 5e82674080
[    2.244183]   #42
[    1.358774] kvm-clock: cpu 42, msr 8ad1601a81, secondary cpu clock
[    2.248168] kvm-guest: stealtime: cpu 42, msr 5e826b4080
[    2.252189]   #43
[    1.358774] kvm-clock: cpu 43, msr 8ad1601ac1, secondary cpu clock
[    2.256405] kvm-guest: stealtime: cpu 43, msr 5e826f4080
[    2.260189]   #44
[    1.358774] kvm-clock: cpu 44, msr 8ad1601b01, secondary cpu clock
[    2.264817] kvm-guest: stealtime: cpu 44, msr 5e82734080
[    2.272129]   #45
[    1.358774] kvm-clock: cpu 45, msr 8ad1601b41, secondary cpu clock
[    2.273270] kvm-guest: stealtime: cpu 45, msr 5e82774080
[    2.280273]   #46
[    1.358774] kvm-clock: cpu 46, msr 8ad1601b81, secondary cpu clock
[    2.281349] kvm-guest: stealtime: cpu 46, msr 5e827b4080
[    2.288270]   #47
[    1.358774] kvm-clock: cpu 47, msr 8ad1601bc1, secondary cpu clock
[    2.289441] kvm-guest: stealtime: cpu 47, msr 5e827f4080

[    2.298215] .... node  #2, CPUs:    #48
[    1.358774] kvm-clock: cpu 48, msr 8ad1601c01, secondary cpu clock
[    2.302549] kvm-guest: stealtime: cpu 48, msr 8e82234080
[    2.308217]   #49
[    1.358774] kvm-clock: cpu 49, msr 8ad1601c41, secondary cpu clock
[    2.309376] kvm-guest: stealtime: cpu 49, msr 8e82274080
[    2.316217]   #50
[    1.358774] kvm-clock: cpu 50, msr 8ad1601c81, secondary cpu clock
[    2.320087] kvm-guest: stealtime: cpu 50, msr 8e822b4080
[    2.324215]   #51
[    1.358774] kvm-clock: cpu 51, msr 8ad1601cc1, secondary cpu clock
[    2.328551] kvm-guest: stealtime: cpu 51, msr 8e822f4080
[    2.336085]   #52
[    1.358774] kvm-clock: cpu 52, msr 8ad1601d01, secondary cpu clock
[    2.337303] kvm-guest: stealtime: cpu 52, msr 8e82334080
[    2.344324]   #53
[    1.358774] kvm-clock: cpu 53, msr 8ad1601d41, secondary cpu clock
[    2.345544] kvm-guest: stealtime: cpu 53, msr 8e82374080
[    2.352188]   #54
[    1.358774] kvm-clock: cpu 54, msr 8ad1601d81, secondary cpu clock
[    2.353309] kvm-guest: stealtime: cpu 54, msr 8e823b4080
[    2.360190]   #55
[    1.358774] kvm-clock: cpu 55, msr 8ad1601dc1, secondary cpu clock
[    2.361394] kvm-guest: stealtime: cpu 55, msr 8e823f4080
[    2.416194]   #56
[    1.358774] kvm-clock: cpu 56, msr 8ad1601e01, secondary cpu clock
[    2.420159] kvm-guest: stealtime: cpu 56, msr 8e82434080
[    2.424213]   #57
[    1.358774] kvm-clock: cpu 57, msr 8ad1601e41, secondary cpu clock
[    2.428798] kvm-guest: stealtime: cpu 57, msr 8e82474080
[    2.436192]   #58
[    1.358774] kvm-clock: cpu 58, msr 8ad1601e81, secondary cpu clock
[    2.437391] kvm-guest: stealtime: cpu 58, msr 8e824b4080
[    2.444304]   #59
[    1.358774] kvm-clock: cpu 59, msr 8ad1601ec1, secondary cpu clock
[    2.445518] kvm-guest: stealtime: cpu 59, msr 8e824f4080
[    2.452194]   #60
[    1.358774] kvm-clock: cpu 60, msr 8ad1601f01, secondary cpu clock
[    2.453280] kvm-guest: stealtime: cpu 60, msr 8e82534080
[    2.460213]   #61
[    1.358774] kvm-clock: cpu 61, msr 8ad1601f41, secondary cpu clock
[    2.461424] kvm-guest: stealtime: cpu 61, msr 8e82574080
[    2.468222]   #62
[    1.358774] kvm-clock: cpu 62, msr 8ad1601f81, secondary cpu clock
[    2.469291] kvm-guest: stealtime: cpu 62, msr 8e825b4080
[    2.476223]   #63
[    1.358774] kvm-clock: cpu 63, msr 8ad1601fc1, secondary cpu clock
[    2.480368] kvm-guest: stealtime: cpu 63, msr 8e825f4080
[    2.484220]   #64
[    1.358774] kvm-clock: cpu 64, msr 1068ba001, secondary cpu clock
[    2.490707] kvm-guest: stealtime: cpu 64, msr 8e82634080
[    2.496225]   #65
[    1.358774] kvm-clock: cpu 65, msr 1068ba041, secondary cpu clock
[    2.497379] kvm-guest: stealtime: cpu 65, msr 8e82674080
[    2.504220]   #66
[    1.358774] kvm-clock: cpu 66, msr 1068ba081, secondary cpu clock
[    2.508097] kvm-guest: stealtime: cpu 66, msr 8e826b4080
[    2.512223]   #67
[    1.358774] kvm-clock: cpu 67, msr 1068ba0c1, secondary cpu clock
[    2.516522] kvm-guest: stealtime: cpu 67, msr 8e826f4080
[    2.520226]   #68
[    1.358774] kvm-clock: cpu 68, msr 1068ba101, secondary cpu clock
[    2.525133] kvm-guest: stealtime: cpu 68, msr 8e82734080
[    2.532323]   #69
[    1.358774] kvm-clock: cpu 69, msr 1068ba141, secondary cpu clock
[    2.533437] kvm-guest: stealtime: cpu 69, msr 8e82774080
[    2.540216]   #70
[    1.358774] kvm-clock: cpu 70, msr 1068ba181, secondary cpu clock
[    2.541392] kvm-guest: stealtime: cpu 70, msr 8e827b4080
[    2.548204]   #71
[    1.358774] kvm-clock: cpu 71, msr 1068ba1c1, secondary cpu clock
[    2.549270] kvm-guest: stealtime: cpu 71, msr 8e827f4080

[    2.560032] .... node  #3, CPUs:    #72
[    1.358774] kvm-clock: cpu 72, msr 1068ba201, secondary cpu clock
[    2.563223] kvm-guest: stealtime: cpu 72, msr be82234080
[    2.568239]   #73
[    1.358774] kvm-clock: cpu 73, msr 1068ba241, secondary cpu clock
[    2.572419] kvm-guest: stealtime: cpu 73, msr be82274080
[    2.576228]   #74
[    1.358774] kvm-clock: cpu 74, msr 1068ba281, secondary cpu clock
[    2.581006] kvm-guest: stealtime: cpu 74, msr be822b4080
[    2.588319]   #75
[    1.358774] kvm-clock: cpu 75, msr 1068ba2c1, secondary cpu clock
[    2.589430] kvm-guest: stealtime: cpu 75, msr be822f4080
[    2.596234]   #76
[    1.358774] kvm-clock: cpu 76, msr 1068ba301, secondary cpu clock
[    2.597402] kvm-guest: stealtime: cpu 76, msr be82334080
[    2.604206]   #77
[    1.358774] kvm-clock: cpu 77, msr 1068ba341, secondary cpu clock
[    2.605342] kvm-guest: stealtime: cpu 77, msr be82374080
[    2.612224]   #78
[    1.358774] kvm-clock: cpu 78, msr 1068ba381, secondary cpu clock
[    2.613428] kvm-guest: stealtime: cpu 78, msr be823b4080
[    2.620222]   #79
[    1.358774] kvm-clock: cpu 79, msr 1068ba3c1, secondary cpu clock
[    2.621331] kvm-guest: stealtime: cpu 79, msr be823f4080
[    2.628224]   #80
[    1.358774] kvm-clock: cpu 80, msr 1068ba401, secondary cpu clock
[    2.634232] kvm-guest: stealtime: cpu 80, msr be82434080
[    2.640197]   #81
[    1.358774] kvm-clock: cpu 81, msr 1068ba441, secondary cpu clock
[    2.641252] kvm-guest: stealtime: cpu 81, msr be82474080
[    2.648228]   #82
[    1.358774] kvm-clock: cpu 82, msr 1068ba481, secondary cpu clock
[    2.649414] kvm-guest: stealtime: cpu 82, msr be824b4080
[    2.656222]   #83
[    1.358774] kvm-clock: cpu 83, msr 1068ba4c1, secondary cpu clock
[    2.660096] kvm-guest: stealtime: cpu 83, msr be824f4080
[    2.664224]   #84
[    1.358774] kvm-clock: cpu 84, msr 1068ba501, secondary cpu clock
[    2.668660] kvm-guest: stealtime: cpu 84, msr be82534080
[    2.676200]   #85
[    1.358774] kvm-clock: cpu 85, msr 1068ba541, secondary cpu clock
[    2.677417] kvm-guest: stealtime: cpu 85, msr be82574080
[    2.684315]   #86
[    1.358774] kvm-clock: cpu 86, msr 1068ba581, secondary cpu clock
[    2.685533] kvm-guest: stealtime: cpu 86, msr be825b4080
[    2.692194]   #87
[    1.358774] kvm-clock: cpu 87, msr 1068ba5c1, secondary cpu clock
[    2.693298] kvm-guest: stealtime: cpu 87, msr be825f4080
[    2.700217]   #88
[    1.358774] kvm-clock: cpu 88, msr 1068ba601, secondary cpu clock
[    2.705107] kvm-guest: stealtime: cpu 88, msr be82634080
[    2.712309]   #89
[    1.358774] kvm-clock: cpu 89, msr 1068ba641, secondary cpu clock
[    2.713525] kvm-guest: stealtime: cpu 89, msr be82674080
[    2.720197]   #90
[    1.358774] kvm-clock: cpu 90, msr 1068ba681, secondary cpu clock
[    2.721312] kvm-guest: stealtime: cpu 90, msr be826b4080
[    2.728202]   #91
[    1.358774] kvm-clock: cpu 91, msr 1068ba6c1, secondary cpu clock
[    2.729426] kvm-guest: stealtime: cpu 91, msr be826f4080
[    2.736223]   #92
[    1.358774] kvm-clock: cpu 92, msr 1068ba701, secondary cpu clock
[    2.737332] kvm-guest: stealtime: cpu 92, msr be82734080
[    2.744227]   #93
[    1.358774] kvm-clock: cpu 93, msr 1068ba741, secondary cpu clock
[    2.748351] kvm-guest: stealtime: cpu 93, msr be82774080
[    2.752227]   #94
[    1.358774] kvm-clock: cpu 94, msr 1068ba781, secondary cpu clock
[    2.756849] kvm-guest: stealtime: cpu 94, msr be827b4080
[    2.764314]   #95
[    1.358774] kvm-clock: cpu 95, msr 1068ba7c1, secondary cpu clock
[    2.765496] kvm-guest: stealtime: cpu 95, msr be827f4080

[    2.774326] .... node  #0, CPUs:    #96
[    1.358774] kvm-clock: cpu 96, msr 1068ba801, secondary cpu clock
[    2.776600] kvm-guest: stealtime: cpu 96, msr 2e82834080
[    2.784031] Spectre V2 : Update user space SMT mitigation: STIBP always-on
[    2.788440]   #97
[    1.358774] kvm-clock: cpu 97, msr 1068ba841, secondary cpu clock
[    2.789451] kvm-guest: stealtime: cpu 97, msr 2e82874080
[    2.796195]   #98
[    1.358774] kvm-clock: cpu 98, msr 1068ba881, secondary cpu clock
[    2.797329] kvm-guest: stealtime: cpu 98, msr 2e828b4080
[    2.804172]   #99
[    1.358774] kvm-clock: cpu 99, msr 1068ba8c1, secondary cpu clock
[    2.805253] kvm-guest: stealtime: cpu 99, msr 2e828f4080
[    2.812165]  #100
[    1.358774] kvm-clock: cpu 100, msr 1068ba901, secondary cpu clock
[    2.813233] kvm-guest: stealtime: cpu 100, msr 2e82934080
[    2.820171]  #101
[    1.358774] kvm-clock: cpu 101, msr 1068ba941, secondary cpu clock
[    2.821323] kvm-guest: stealtime: cpu 101, msr 2e82974080
[    2.828192]  #102
[    1.358774] kvm-clock: cpu 102, msr 1068ba981, secondary cpu clock
[    2.829196] kvm-guest: stealtime: cpu 102, msr 2e829b4080
[    2.836192]  #103
[    1.358774] kvm-clock: cpu 103, msr 1068ba9c1, secondary cpu clock
[    2.837257] kvm-guest: stealtime: cpu 103, msr 2e829f4080
[    2.844191]  #104
[    1.358774] kvm-clock: cpu 104, msr 1068baa01, secondary cpu clock
[    2.848038] kvm-guest: stealtime: cpu 104, msr 2e82a34080
[    2.852194]  #105
[    1.358774] kvm-clock: cpu 105, msr 1068baa41, secondary cpu clock
[    2.856396] kvm-guest: stealtime: cpu 105, msr 2e82a74080
[    2.860194]  #106
[    1.358774] kvm-clock: cpu 106, msr 1068baa81, secondary cpu clock
[    2.864805] kvm-guest: stealtime: cpu 106, msr 2e82ab4080
[    2.872147]  #107
[    1.358774] kvm-clock: cpu 107, msr 1068baac1, secondary cpu clock
[    2.873277] kvm-guest: stealtime: cpu 107, msr 2e82af4080
[    2.880205]  #108
[    1.358774] kvm-clock: cpu 108, msr 1068bab01, secondary cpu clock
[    2.881264] kvm-guest: stealtime: cpu 108, msr 2e82b34080
[    2.888197]  #109
[    1.358774] kvm-clock: cpu 109, msr 1068bab41, secondary cpu clock
[    2.889378] kvm-guest: stealtime: cpu 109, msr 2e82b74080
[    2.896168]  #110
[    1.358774] kvm-clock: cpu 110, msr 1068bab81, secondary cpu clock
[    2.897252] kvm-guest: stealtime: cpu 110, msr 2e82bb4080
[    2.904168]  #111
[    1.358774] kvm-clock: cpu 111, msr 1068babc1, secondary cpu clock
[    2.905225] kvm-guest: stealtime: cpu 111, msr 2e82bf4080
[    2.912171]  #112
[    1.358774] kvm-clock: cpu 112, msr 1068bac01, secondary cpu clock
[    2.913452] kvm-guest: stealtime: cpu 112, msr 2e82c34080
[    2.920194]  #113
[    1.358774] kvm-clock: cpu 113, msr 1068bac41, secondary cpu clock
[    2.921255] kvm-guest: stealtime: cpu 113, msr 2e82c74080
[    2.928195]  #114
[    1.358774] kvm-clock: cpu 114, msr 1068bac81, secondary cpu clock
[    2.929393] kvm-guest: stealtime: cpu 114, msr 2e82cb4080
[    2.936200]  #115
[    1.358774] kvm-clock: cpu 115, msr 1068bacc1, secondary cpu clock
[    2.940338] kvm-guest: stealtime: cpu 115, msr 2e82cf4080
[    2.944199]  #116
[    1.358774] kvm-clock: cpu 116, msr 1068bad01, secondary cpu clock
[    2.948889] kvm-guest: stealtime: cpu 116, msr 2e82d34080
[    2.956208]  #117
[    1.358774] kvm-clock: cpu 117, msr 1068bad41, secondary cpu clock
[    2.957354] kvm-guest: stealtime: cpu 117, msr 2e82d74080
[    2.964211]  #118
[    1.358774] kvm-clock: cpu 118, msr 1068bad81, secondary cpu clock
[    2.965252] kvm-guest: stealtime: cpu 118, msr 2e82db4080
[    2.972200]  #119
[    1.358774] kvm-clock: cpu 119, msr 1068badc1, secondary cpu clock
[    2.973382] kvm-guest: stealtime: cpu 119, msr 2e82df4080

[    2.982168] .... node  #1, CPUs:   #120
[    1.358774] kvm-clock: cpu 120, msr 1068bae01, secondary cpu clock
[    2.984907] kvm-guest: stealtime: cpu 120, msr 5e82834080
[    2.992214]  #121
[    1.358774] kvm-clock: cpu 121, msr 1068bae41, secondary cpu clock
[    2.993347] kvm-guest: stealtime: cpu 121, msr 5e82874080
[    3.000211]  #122
[    1.358774] kvm-clock: cpu 122, msr 1068bae81, secondary cpu clock
[    3.001425] kvm-guest: stealtime: cpu 122, msr 5e828b4080
[    3.008186]  #123
[    1.358774] kvm-clock: cpu 123, msr 1068baec1, secondary cpu clock
[    3.009320] kvm-guest: stealtime: cpu 123, msr 5e828f4080
[    3.016169]  #124
[    1.358774] kvm-clock: cpu 124, msr 1068baf01, secondary cpu clock
[    3.017258] kvm-guest: stealtime: cpu 124, msr 5e82934080
[    3.024174]  #125
[    1.358774] kvm-clock: cpu 125, msr 1068baf41, secondary cpu clock
[    3.025374] kvm-guest: stealtime: cpu 125, msr 5e82974080
[    3.032197]  #126
[    1.358774] kvm-clock: cpu 126, msr 1068baf81, secondary cpu clock
[    3.033320] kvm-guest: stealtime: cpu 126, msr 5e829b4080
[    3.040205]  #127
[    1.358774] kvm-clock: cpu 127, msr 1068bafc1, secondary cpu clock
[    3.041294] kvm-guest: stealtime: cpu 127, msr 5e829f4080
[    3.048204]  #128
[    1.358774] kvm-clock: cpu 128, msr 1068bb001, secondary cpu clock
[    3.052189] kvm-guest: stealtime: cpu 128, msr 5e82a34080
[    3.056199]  #129
[    1.358774] kvm-clock: cpu 129, msr 1068bb041, secondary cpu clock
[    3.060802] kvm-guest: stealtime: cpu 129, msr 5e82a74080
[    3.068135]  #130
[    1.358774] kvm-clock: cpu 130, msr 1068bb081, secondary cpu clock
[    3.069256] kvm-guest: stealtime: cpu 130, msr 5e82ab4080
[    3.076203]  #131
[    1.358774] kvm-clock: cpu 131, msr 1068bb0c1, secondary cpu clock
[    3.077285] kvm-guest: stealtime: cpu 131, msr 5e82af4080
[    3.084230]  #132
[    1.358774] kvm-clock: cpu 132, msr 1068bb101, secondary cpu clock
[    3.085403] kvm-guest: stealtime: cpu 132, msr 5e82b34080
[    3.092172]  #133
[    1.358774] kvm-clock: cpu 133, msr 1068bb141, secondary cpu clock
[    3.093265] kvm-guest: stealtime: cpu 133, msr 5e82b74080
[    3.100175]  #134
[    1.358774] kvm-clock: cpu 134, msr 1068bb181, secondary cpu clock
[    3.101198] kvm-guest: stealtime: cpu 134, msr 5e82bb4080
[    3.108183]  #135
[    1.358774] kvm-clock: cpu 135, msr 1068bb1c1, secondary cpu clock
[    3.109322] kvm-guest: stealtime: cpu 135, msr 5e82bf4080
[    3.116173]  #136
[    1.358774] kvm-clock: cpu 136, msr 1068bb201, secondary cpu clock
[    3.117351] kvm-guest: stealtime: cpu 136, msr 5e82c34080
[    3.124204]  #137
[    1.358774] kvm-clock: cpu 137, msr 1068bb241, secondary cpu clock
[    3.128097] kvm-guest: stealtime: cpu 137, msr 5e82c74080
[    3.132208]  #138
[    1.358774] kvm-clock: cpu 138, msr 1068bb281, secondary cpu clock
[    3.136458] kvm-guest: stealtime: cpu 138, msr 5e82cb4080
[    3.140207]  #139
[    1.358774] kvm-clock: cpu 139, msr 1068bb2c1, secondary cpu clock
[    3.144941] kvm-guest: stealtime: cpu 139, msr 5e82cf4080
[    3.152213]  #140
[    1.358774] kvm-clock: cpu 140, msr 1068bb301, secondary cpu clock
[    3.153350] kvm-guest: stealtime: cpu 140, msr 5e82d34080
[    3.160221]  #141
[    1.358774] kvm-clock: cpu 141, msr 1068bb341, secondary cpu clock
[    3.161402] kvm-guest: stealtime: cpu 141, msr 5e82d74080
[    3.168178]  #142
[    1.358774] kvm-clock: cpu 142, msr 1068bb381, secondary cpu clock
[    3.169310] kvm-guest: stealtime: cpu 142, msr 5e82db4080
[    3.176175]  #143
[    1.358774] kvm-clock: cpu 143, msr 1068bb3c1, secondary cpu clock
[    3.177255] kvm-guest: stealtime: cpu 143, msr 5e82df4080

[    3.234304] .... node  #2, CPUs:   #144
[    1.358774] kvm-clock: cpu 144, msr 1068bb401, secondary cpu clock
[    3.236486] kvm-guest: stealtime: cpu 144, msr 8e82834080
[    3.244152]  #145
[    1.358774] kvm-clock: cpu 145, msr 1068bb441, secondary cpu clock
[    3.245198] kvm-guest: stealtime: cpu 145, msr 8e82874080
[    3.252252]  #146
[    1.358774] kvm-clock: cpu 146, msr 1068bb481, secondary cpu clock
[    3.253351] kvm-guest: stealtime: cpu 146, msr 8e828b4080
[    3.260204]  #147
[    1.358774] kvm-clock: cpu 147, msr 1068bb4c1, secondary cpu clock
[    3.261238] kvm-guest: stealtime: cpu 147, msr 8e828f4080
[    3.268201]  #148
[    1.358774] kvm-clock: cpu 148, msr 1068bb501, secondary cpu clock
[    3.269298] kvm-guest: stealtime: cpu 148, msr 8e82934080
[    3.276206]  #149
[    1.358774] kvm-clock: cpu 149, msr 1068bb541, secondary cpu clock
[    3.277238] kvm-guest: stealtime: cpu 149, msr 8e82974080
[    3.284233]  #150
[    1.358774] kvm-clock: cpu 150, msr 1068bb581, secondary cpu clock
[    3.285365] kvm-guest: stealtime: cpu 150, msr 8e829b4080
[    3.292234]  #151
[    1.358774] kvm-clock: cpu 151, msr 1068bb5c1, secondary cpu clock
[    3.296477] kvm-guest: stealtime: cpu 151, msr 8e829f4080
[    3.300239]  #152
[    1.358774] kvm-clock: cpu 152, msr 1068bb601, secondary cpu clock
[    3.305655] kvm-guest: stealtime: cpu 152, msr 8e82a34080
[    3.312205]  #153
[    1.358774] kvm-clock: cpu 153, msr 1068bb641, secondary cpu clock
[    3.313251] kvm-guest: stealtime: cpu 153, msr 8e82a74080
[    3.320203]  #154
[    1.358774] kvm-clock: cpu 154, msr 1068bb681, secondary cpu clock
[    3.321308] kvm-guest: stealtime: cpu 154, msr 8e82ab4080
[    3.328242]  #155
[    1.358774] kvm-clock: cpu 155, msr 1068bb6c1, secondary cpu clock
[    3.329447] kvm-guest: stealtime: cpu 155, msr 8e82af4080
[    3.336204]  #156
[    1.358774] kvm-clock: cpu 156, msr 1068bb701, secondary cpu clock
[    3.340028] kvm-guest: stealtime: cpu 156, msr 8e82b34080
[    3.344235]  #157
[    1.358774] kvm-clock: cpu 157, msr 1068bb741, secondary cpu clock
[    3.348619] kvm-guest: stealtime: cpu 157, msr 8e82b74080
[    3.356035]  #158
[    1.358774] kvm-clock: cpu 158, msr 1068bb781, secondary cpu clock
[    3.357110] kvm-guest: stealtime: cpu 158, msr 8e82bb4080
[    3.364238]  #159
[    1.358774] kvm-clock: cpu 159, msr 1068bb7c1, secondary cpu clock
[    3.365353] kvm-guest: stealtime: cpu 159, msr 8e82bf4080
[    3.372216]  #160
[    1.358774] kvm-clock: cpu 160, msr 1068bb801, secondary cpu clock
[    3.373912] kvm-guest: stealtime: cpu 160, msr 8e82c34080
[    3.380500]  #161
[    1.358774] kvm-clock: cpu 161, msr 1068bb841, secondary cpu clock
[    3.381645] kvm-guest: stealtime: cpu 161, msr 8e82c74080
[    3.388242]  #162
[    1.358774] kvm-clock: cpu 162, msr 1068bb881, secondary cpu clock
[    3.392620] kvm-guest: stealtime: cpu 162, msr 8e82cb4080
[    3.400112]  #163
[    1.358774] kvm-clock: cpu 163, msr 1068bb8c1, secondary cpu clock
[    3.401343] kvm-guest: stealtime: cpu 163, msr 8e82cf4080
[    3.408235]  #164
[    1.358774] kvm-clock: cpu 164, msr 1068bb901, secondary cpu clock
[    3.409472] kvm-guest: stealtime: cpu 164, msr 8e82d34080
[    3.416208]  #165
[    1.358774] kvm-clock: cpu 165, msr 1068bb941, secondary cpu clock
[    3.417343] kvm-guest: stealtime: cpu 165, msr 8e82d74080
[    3.424232]  #166
[    1.358774] kvm-clock: cpu 166, msr 1068bb981, secondary cpu clock
[    3.425472] kvm-guest: stealtime: cpu 166, msr 8e82db4080
[    3.432237]  #167
[    1.358774] kvm-clock: cpu 167, msr 1068bb9c1, secondary cpu clock
[    3.433341] kvm-guest: stealtime: cpu 167, msr 8e82df4080

[    3.444032] .... node  #3, CPUs:   #168
[    1.358774] kvm-clock: cpu 168, msr 1068bba01, secondary cpu clock
[    3.446149] kvm-guest: stealtime: cpu 168, msr be82834080
[    3.452235]  #169
[    1.358774] kvm-clock: cpu 169, msr 1068bba41, secondary cpu clock
[    3.456444] kvm-guest: stealtime: cpu 169, msr be82874080
[    3.460242]  #170
[    1.358774] kvm-clock: cpu 170, msr 1068bba81, secondary cpu clock
[    3.465202] kvm-guest: stealtime: cpu 170, msr be828b4080
[    3.472257]  #171
[    1.358774] kvm-clock: cpu 171, msr 1068bbac1, secondary cpu clock
[    3.473367] kvm-guest: stealtime: cpu 171, msr be828f4080
[    3.480206]  #172
[    1.358774] kvm-clock: cpu 172, msr 1068bbb01, secondary cpu clock
[    3.481395] kvm-guest: stealtime: cpu 172, msr be82934080
[    3.488201]  #173
[    1.358774] kvm-clock: cpu 173, msr 1068bbb41, secondary cpu clock
[    3.489438] kvm-guest: stealtime: cpu 173, msr be82974080
[    3.496237]  #174
[    1.358774] kvm-clock: cpu 174, msr 1068bbb81, secondary cpu clock
[    3.497378] kvm-guest: stealtime: cpu 174, msr be829b4080
[    3.504235]  #175
[    1.358774] kvm-clock: cpu 175, msr 1068bbbc1, secondary cpu clock
[    3.508361] kvm-guest: stealtime: cpu 175, msr be829f4080
[    3.512238]  #176
[    1.358774] kvm-clock: cpu 176, msr 1068bbc01, secondary cpu clock
[    3.517789] kvm-guest: stealtime: cpu 176, msr be82a34080
[    3.524211]  #177
[    1.358774] kvm-clock: cpu 177, msr 1068bbc41, secondary cpu clock
[    3.525365] kvm-guest: stealtime: cpu 177, msr be82a74080
[    3.532211]  #178
[    1.358774] kvm-clock: cpu 178, msr 1068bbc81, secondary cpu clock
[    3.533452] kvm-guest: stealtime: cpu 178, msr be82ab4080
[    3.540242]  #179
[    1.358774] kvm-clock: cpu 179, msr 1068bbcc1, secondary cpu clock
[    3.544099] kvm-guest: stealtime: cpu 179, msr be82af4080
[    3.548239]  #180
[    1.358774] kvm-clock: cpu 180, msr 1068bbd01, secondary cpu clock
[    3.552789] kvm-guest: stealtime: cpu 180, msr be82b34080
[    3.560231]  #181
[    1.358774] kvm-clock: cpu 181, msr 1068bbd41, secondary cpu clock
[    3.561448] kvm-guest: stealtime: cpu 181, msr be82b74080
[    3.568240]  #182
[    1.358774] kvm-clock: cpu 182, msr 1068bbd81, secondary cpu clock
[    3.569479] kvm-guest: stealtime: cpu 182, msr be82bb4080
[    3.576213]  #183
[    1.358774] kvm-clock: cpu 183, msr 1068bbdc1, secondary cpu clock
[    3.577339] kvm-guest: stealtime: cpu 183, msr be82bf4080
[    3.584234]  #184
[    1.358774] kvm-clock: cpu 184, msr 1068bbe01, secondary cpu clock
[    3.588178] kvm-guest: stealtime: cpu 184, msr be82c34080
[    3.592238]  #185
[    1.358774] kvm-clock: cpu 185, msr 1068bbe41, secondary cpu clock
[    3.597047] kvm-guest: stealtime: cpu 185, msr be82c74080
[    3.604254]  #186
[    1.358774] kvm-clock: cpu 186, msr 1068bbe81, secondary cpu clock
[    3.605365] kvm-guest: stealtime: cpu 186, msr be82cb4080
[    3.612209]  #187
[    1.358774] kvm-clock: cpu 187, msr 1068bbec1, secondary cpu clock
[    3.613436] kvm-guest: stealtime: cpu 187, msr be82cf4080
[    3.620217]  #188
[    1.358774] kvm-clock: cpu 188, msr 1068bbf01, secondary cpu clock
[    3.621479] kvm-guest: stealtime: cpu 188, msr be82d34080
[    3.628213]  #189
[    1.358774] kvm-clock: cpu 189, msr 1068bbf41, secondary cpu clock
[    3.629330] kvm-guest: stealtime: cpu 189, msr be82d74080
[    3.636239]  #190
[    1.358774] kvm-clock: cpu 190, msr 1068bbf81, secondary cpu clock
[    3.640556] kvm-guest: stealtime: cpu 190, msr be82db4080
[    3.648142]  #191
[    1.358774] kvm-clock: cpu 191, msr 1068bbfc1, secondary cpu clock
[    3.649575] kvm-guest: stealtime: cpu 191, msr be82df4080
[    3.656772] smp: Brought up 4 nodes, 192 CPUs
[    3.660034] smpboot: Max logical packages: 2
[    3.663019] smpboot: Total of 192 processors activated (1017599.23 BogoMIPS)
[    3.824881] node 2 deferred pages initialised in 136ms
[    3.828771] node 3 deferred pages initialised in 140ms
[    3.832843] node 1 deferred pages initialised in 144ms
[    3.836462] node 0 deferred pages initialised in 148ms
[    3.864131] devtmpfs: initialized
[    3.864131] x86/mm: Memory block size: 128MB
[    3.932299] clocksource: jiffies: mask: 0xffffffff max_cycles: 0xffffffff, max_idle_ns: 7645041785100000 ns
[    3.936244] futex hash table entries: 65536 (order: 10, 4194304 bytes, vmalloc)
[    3.945917] NET: Registered protocol family 16
[    3.948226] DMA: preallocated 4096 KiB GFP_KERNEL pool for atomic allocations
[    3.952039] DMA: preallocated 4096 KiB GFP_KERNEL|GFP_DMA pool for atomic allocations
[    3.956037] DMA: preallocated 4096 KiB GFP_KERNEL|GFP_DMA32 pool for atomic allocations
[    3.964051] audit: initializing netlink subsys (disabled)
[    3.968106] audit: type=2000 audit(1715963486.639:1): state=initialized audit_enabled=0 res=1
[    3.968369] thermal_sys: Registered thermal governor 'fair_share'
[    3.972033] thermal_sys: Registered thermal governor 'step_wise'
[    3.976030] thermal_sys: Registered thermal governor 'user_space'
[    3.980090] cpuidle: using governor ladder
[    3.988084] cpuidle: using governor menu
[    3.997646] ACPI: bus type PCI registered
[    4.000036] acpiphp: ACPI Hot Plug PCI Controller Driver version: 0.5
[    4.004485] PCI: Using configuration type 1 for base access
[    4.008030] PCI: Using configuration type 1 for extended access
[    4.038301] Kprobes globally optimized
[    4.040199] HugeTLB registered 1.00 GiB page size, pre-allocated 0 pages
[    4.044033] HugeTLB registered 2.00 MiB page size, pre-allocated 0 pages
[    4.160373] ACPI: Added _OSI(Module Device)
[    4.164055] ACPI: Added _OSI(Processor Device)
[    4.168030] ACPI: Added _OSI(3.0 _SCP Extensions)
[    4.171148] ACPI: Added _OSI(Processor Aggregator Device)
[    4.172031] ACPI: Added _OSI(Linux-Dell-Video)
[    4.176030] ACPI: Added _OSI(Linux-Lenovo-NV-HDMI-Audio)
[    4.180030] ACPI: Added _OSI(Linux-HPI-Hybrid-Graphics)
[    4.194823] ACPI: 3 ACPI AML tables successfully acquired and loaded
[    4.219655] ACPI: Interpreter enabled
[    4.220046] ACPI: (supports S0 S4 S5)
[    4.224031] ACPI: Using IOAPIC for interrupt routing
[    4.228061] PCI: Using host bridge windows from ACPI; if necessary, use "pci=nocrs" and report a bug
[    4.232497] ACPI: Enabled 2 GPEs in block 00 to 0F
[    4.266303] ACPI: PCI Root Bridge [PCI0] (domain 0000 [bus 00])
[    4.268040] acpi PNP0A03:00: _OSC: OS supports [ExtendedConfig ASPM ClockPM Segments MSI HPX-Type3]
[    4.276190] acpiphp: Slot [3] registered
[    4.279043] acpiphp: Slot [4] registered
[    4.280055] acpiphp: Slot [5] registered
[    4.284050] acpiphp: Slot [6] registered
[    4.286887] acpiphp: Slot [7] registered
[    4.288059] acpiphp: Slot [8] registered
[    4.292053] acpiphp: Slot [9] registered
[    4.296050] acpiphp: Slot [10] registered
[    4.298941] acpiphp: Slot [11] registered
[    4.300052] acpiphp: Slot [12] registered
[    4.304050] acpiphp: Slot [13] registered
[    4.306933] acpiphp: Slot [14] registered
[    4.308057] acpiphp: Slot [15] registered
[    4.312051] acpiphp: Slot [16] registered
[    4.316050] acpiphp: Slot [17] registered
[    4.318929] acpiphp: Slot [18] registered
[    4.320051] acpiphp: Slot [19] registered
[    4.324050] acpiphp: Slot [20] registered
[    4.326916] acpiphp: Slot [21] registered
[    4.328057] acpiphp: Slot [22] registered
[    4.332052] acpiphp: Slot [23] registered
[    4.336050] acpiphp: Slot [24] registered
[    4.338926] acpiphp: Slot [25] registered
[    4.340053] acpiphp: Slot [26] registered
[    4.344051] acpiphp: Slot [27] registered
[    4.346919] acpiphp: Slot [28] registered
[    4.348057] acpiphp: Slot [29] registered
[    4.352051] acpiphp: Slot [30] registered
[    4.356051] acpiphp: Slot [31] registered
[    4.358936] PCI host bridge to bus 0000:00
[    4.408033] pci_bus 0000:00: Unknown NUMA node; performance will be reduced
[    4.412046] pci_bus 0000:00: root bus resource [io  0x0000-0x0cf7 window]
[    4.416030] pci_bus 0000:00: root bus resource [io  0x0d00-0xffff window]
[    4.420030] pci_bus 0000:00: root bus resource [mem 0x000a0000-0x000bffff window]
[    4.424030] pci_bus 0000:00: root bus resource [mem 0xc0000000-0xc3ffffff window]
[    4.428031] pci_bus 0000:00: root bus resource [bus 00]
[    4.432167] pci 0000:00:00.0: [8086:1237] type 00 class 0x060000
[    4.436468] pci 0000:00:01.0: [8086:7000] type 00 class 0x060100
[    4.441127] pci 0000:00:01.3: [8086:7113] type 00 class 0x000000
[    4.444835] pci 0000:00:01.3: quirk: [io  0xb000-0xb03f] claimed by PIIX4 ACPI
[    4.452046] pci 0000:00:01.3: quirk: [io  0xb100-0xb10f] claimed by PIIX4 SMB
[    4.456093] pci 0000:00:01.3: PIIX4 devres E PIO at fff0-ffff
[    4.460046] pci 0000:00:01.3: PIIX4 devres F MMIO at ffc00000-ffffffff
[    4.464045] pci 0000:00:01.3: PIIX4 devres G PIO at fff0-ffff
[    4.468030] pci 0000:00:01.3: PIIX4 devres H MMIO at ffc00000-ffffffff
[    4.472046] pci 0000:00:01.3: PIIX4 devres I PIO at fff0-ffff
[    4.472046] pci 0000:00:01.3: PIIX4 devres J PIO at fff0-ffff
[    4.476038] pci 0000:00:01.3: quirk_piix4_acpi+0x0/0x170 took 27343 usecs
[    4.480348] pci 0000:00:03.0: [1d0f:1111] type 00 class 0x030000
[    4.492037] pci 0000:00:03.0: reg 0x10: [mem 0xc2000000-0xc23fffff pref]
[    4.516030] pci 0000:00:03.0: reg 0x30: [mem 0xc0000000-0xc000ffff pref]
[    4.520645] pci 0000:00:04.0: [1d0f:8061] type 00 class 0x010802
[    4.536629] pci 0000:00:04.0: reg 0x10: [mem 0xc0010000-0xc0013fff]
[    4.596681] pci 0000:00:04.0: enabling Extended Tags
[    4.600832] pci 0000:00:05.0: [1d0f:ec20] type 00 class 0x020000
[    4.628036] pci 0000:00:05.0: reg 0x10: [mem 0xc0014000-0xc0015fff]
[    4.644030] pci 0000:00:05.0: reg 0x14: [mem 0xc0016000-0xc0017fff]
[    4.656044] pci 0000:00:05.0: reg 0x18: [mem 0xc2400000-0xc25fffff pref]
[    4.720069] pci 0000:00:05.0: enabling Extended Tags
[    4.725030] ACPI: PCI Root Bridge [PC01] (domain 0000 [bus 10])
[    4.728034] acpi PNP0A03:01: _OSC: OS supports [ExtendedConfig ASPM ClockPM Segments MSI HPX-Type3]
[    4.732312] acpiphp: Slot [32] registered
[    4.736054] acpiphp: Slot [33] registered
[    4.740052] acpiphp: Slot [34] registered
[    4.744030] acpiphp: Slot [35] registered
[    4.744080] acpiphp: Slot [36] registered
[    4.748052] acpiphp: Slot [37] registered
[    4.752051] acpiphp: Slot [38] registered
[    4.754923] acpiphp: Slot [39] registered
[    4.756056] acpiphp: Slot [40] registered
[    4.760053] acpiphp: Slot [41] registered
[    4.764052] acpiphp: Slot [42] registered
[    4.766893] acpiphp: Slot [43] registered
[    4.768055] acpiphp: Slot [44] registered
[    4.772056] acpiphp: Slot [45] registered
[    4.774951] acpiphp: Slot [46] registered
[    4.776082] acpiphp: Slot [47] registered
[    4.780054] acpiphp: Slot [48] registered
[    4.784052] acpiphp: Slot [49] registered
[    4.786930] acpiphp: Slot [50] registered
[    4.788052] acpiphp: Slot [51] registered
[    4.792051] acpiphp: Slot [52] registered
[    4.796044] acpiphp: Slot [53] registered
[    4.796077] acpiphp: Slot [54] registered
[    4.800051] acpiphp: Slot [55] registered
[    4.804058] acpiphp: Slot [56] registered
[    4.806957] acpiphp: Slot [57] registered
[    4.808052] acpiphp: Slot [58] registered
[    4.812050] acpiphp: Slot [59] registered
[    4.816029] acpiphp: Slot [60] registered
[    4.818924] acpiphp: Slot [61] registered
[    4.820052] acpiphp: Slot [62] registered
[    4.824052] acpiphp: Slot [63] registered
[    4.826891] PCI host bridge to bus 0000:10
[    4.828051] pci_bus 0000:10: root bus resource [mem 0xc4000000-0xc7ffffff window]
[    4.836030] pci_bus 0000:10: root bus resource [mem 0x10020200000-0x1802eadfbff window]
[    4.840032] pci_bus 0000:10: root bus resource [bus 10]
[    4.844375] pci 0000:10:1d.0: [1d0f:7264] type 00 class 0x088000
[    4.856842] pci 0000:10:1d.0: reg 0x10: [mem 0x12000000000-0x1203fffffff 64bit pref]
[    4.872030] pci 0000:10:1d.0: reg 0x18: [mem 0xc4000000-0xc4001fff]
[    4.892692] pci 0000:10:1d.0: reg 0x20: [mem 0x10800000000-0x10fffffffff 64bit pref]
[    4.904339] pci 0000:10:1d.0: 126.024 Gb/s available PCIe bandwidth, limited by 16.0 GT/s PCIe x8 link at 0000:10:1d.0 (capable of 252.056 Gb/s with 32.0 GT/s PCIe x8 link)
[    4.912441] pci 0000:10:1e.0: [1d0f:7264] type 00 class 0x088000
[    4.932704] pci 0000:10:1e.0: reg 0x10: [mem 0x12040000000-0x1207fffffff 64bit pref]
[    4.944676] pci 0000:10:1e.0: reg 0x18: [mem 0xc4002000-0xc4003fff]
[    4.964730] pci 0000:10:1e.0: reg 0x20: [mem 0x11000000000-0x117ffffffff 64bit pref]
[    4.976030] pci 0000:10:1e.0: 126.024 Gb/s available PCIe bandwidth, limited by 16.0 GT/s PCIe x8 link at 0000:10:1e.0 (capable of 252.056 Gb/s with 32.0 GT/s PCIe x8 link)
[    4.988224] pci 0000:10:1f.0: [1d0f:7264] type 00 class 0x088000
[    5.016717] pci 0000:10:1f.0: reg 0x10: [mem 0x12080000000-0x120bfffffff 64bit pref]
[    5.028667] pci 0000:10:1f.0: reg 0x18: [mem 0xc4004000-0xc4005fff]
[    5.044705] pci 0000:10:1f.0: reg 0x20: [mem 0x11800000000-0x11fffffffff 64bit pref]
[    5.060433] pci 0000:10:1f.0: 126.024 Gb/s available PCIe bandwidth, limited by 16.0 GT/s PCIe x8 link at 0000:10:1f.0 (capable of 252.056 Gb/s with 32.0 GT/s PCIe x8 link)
[    5.068283] pci_bus 0000:10: on NUMA node 0
[    5.068357] ACPI: PCI Root Bridge [PC02] (domain 0000 [bus 20])
[    5.072042] acpi PNP0A03:02: _OSC: OS supports [ExtendedConfig ASPM ClockPM Segments MSI HPX-Type3]
[    5.080139] acpiphp: Slot [64] registered
[    5.083040] acpiphp: Slot [65] registered
[    5.084052] acpiphp: Slot [66] registered
[    5.088055] acpiphp: Slot [67] registered
[    5.090934] acpiphp: Slot [68] registered
[    5.092076] acpiphp: Slot [69] registered
[    5.096051] acpiphp: Slot [70] registered
[    5.100051] acpiphp: Slot [71] registered
[    5.102925] acpiphp: Slot [72] registered
[    5.104054] acpiphp: Slot [73] registered
[    5.108051] acpiphp: Slot [74] registered
[    5.110937] acpiphp: Slot [75] registered
[    5.112076] acpiphp: Slot [76] registered
[    5.116051] acpiphp: Slot [77] registered
[    5.120050] acpiphp: Slot [78] registered
[    5.122937] acpiphp: Slot [79] registered
[    5.124055] acpiphp: Slot [80] registered
[    5.128052] acpiphp: Slot [81] registered
[    5.132051] acpiphp: Slot [82] registered
[    5.134918] acpiphp: Slot [83] registered
[    5.136051] acpiphp: Slot [84] registered
[    5.140051] acpiphp: Slot [85] registered
[    5.142926] acpiphp: Slot [86] registered
[    5.144075] acpiphp: Slot [87] registered
[    5.148052] acpiphp: Slot [88] registered
[    5.152052] acpiphp: Slot [89] registered
[    5.154958] acpiphp: Slot [90] registered
[    5.156054] acpiphp: Slot [91] registered
[    5.160050] acpiphp: Slot [92] registered
[    5.164044] acpiphp: Slot [93] registered
[    5.164079] acpiphp: Slot [94] registered
[    5.168053] acpiphp: Slot [95] registered
[    5.172043] PCI host bridge to bus 0000:20
[    5.174968] pci_bus 0000:20: root bus resource [mem 0xc8000000-0xcbffffff window]
[    5.180031] pci_bus 0000:20: root bus resource [mem 0x40110200000-0x4811eadfbff window]
[    5.184031] pci_bus 0000:20: root bus resource [bus 20]
[    5.188374] pci 0000:20:1d.0: [1d0f:7264] type 00 class 0x088000
[    5.213094] pci 0000:20:1d.0: reg 0x10: [mem 0x42000000000-0x4203fffffff 64bit pref]
[    5.233705] pci 0000:20:1d.0: reg 0x18: [mem 0xc8000000-0xc8001fff]
[    5.268033] pci 0000:20:1d.0: reg 0x20: [mem 0x40800000000-0x40fffffffff 64bit pref]
[    5.284153] pci 0000:20:1d.0: 126.024 Gb/s available PCIe bandwidth, limited by 16.0 GT/s PCIe x8 link at 0000:20:1d.0 (capable of 252.056 Gb/s with 32.0 GT/s PCIe x8 link)
[    5.292444] pci 0000:20:1e.0: [1d0f:7264] type 00 class 0x088000
[    5.316032] pci 0000:20:1e.0: reg 0x10: [mem 0x42040000000-0x4207fffffff 64bit pref]
[    5.333003] pci 0000:20:1e.0: reg 0x18: [mem 0xc8002000-0xc8003fff]
[    5.356030] pci 0000:20:1e.0: reg 0x20: [mem 0x41000000000-0x417ffffffff 64bit pref]
[    5.388387] pci 0000:20:1e.0: 126.024 Gb/s available PCIe bandwidth, limited by 16.0 GT/s PCIe x8 link at 0000:20:1e.0 (capable of 252.056 Gb/s with 32.0 GT/s PCIe x8 link)
[    5.400317] pci 0000:20:1f.0: [1d0f:7264] type 00 class 0x088000
[    5.412031] pci 0000:20:1f.0: reg 0x10: [mem 0x42080000000-0x420bfffffff 64bit pref]
[    5.428033] pci 0000:20:1f.0: reg 0x18: [mem 0xc8004000-0xc8005fff]
[    5.452030] pci 0000:20:1f.0: reg 0x20: [mem 0x41800000000-0x41fffffffff 64bit pref]
[    5.468430] pci 0000:20:1f.0: 126.024 Gb/s available PCIe bandwidth, limited by 16.0 GT/s PCIe x8 link at 0000:20:1f.0 (capable of 252.056 Gb/s with 32.0 GT/s PCIe x8 link)
[    5.476237] pci_bus 0000:20: on NUMA node 1
[    5.476322] ACPI: PCI Root Bridge [PC03] (domain 0000 [bus 80])
[    5.480033] acpi PNP0A03:03: _OSC: OS supports [ExtendedConfig ASPM ClockPM Segments MSI HPX-Type3]
[    5.488085] acpiphp: Slot [96] registered
[    5.490942] acpiphp: Slot [97] registered
[    5.492053] acpiphp: Slot [98] registered
[    5.496050] acpiphp: Slot [99] registered
[    5.498892] acpiphp: Slot [100] registered
[    5.500056] acpiphp: Slot [101] registered
[    5.504053] acpiphp: Slot [102] registered
[    5.508054] acpiphp: Slot [103] registered
[    5.510948] acpiphp: Slot [104] registered
[    5.560073] acpiphp: Slot [105] registered
[    5.562992] acpiphp: Slot [106] registered
[    5.564051] acpiphp: Slot [107] registered
[    5.568051] acpiphp: Slot [108] registered
[    5.572031] acpiphp: Slot [109] registered
[    5.572085] acpiphp: Slot [110] registered
[    5.576051] acpiphp: Slot [111] registered
[    5.580050] acpiphp: Slot [112] registered
[    5.582945] acpiphp: Slot [113] registered
[    5.584093] acpiphp: Slot [114] registered
[    5.588056] acpiphp: Slot [115] registered
[    5.592051] acpiphp: Slot [116] registered
[    5.594959] acpiphp: Slot [117] registered
[    5.596051] acpiphp: Slot [118] registered
[    5.600051] acpiphp: Slot [119] registered
[    5.604031] acpiphp: Slot [120] registered
[    5.604086] acpiphp: Slot [121] registered
[    5.608053] acpiphp: Slot [122] registered
[    5.612050] acpiphp: Slot [123] registered
[    5.614971] acpiphp: Slot [124] registered
[    5.616074] acpiphp: Slot [125] registered
[    5.620054] acpiphp: Slot [126] registered
[    5.624053] acpiphp: Slot [127] registered
[    5.626952] PCI host bridge to bus 0000:80
[    5.628033] pci_bus 0000:80: root bus resource [mem 0xcc000000-0xcfffffff window]
[    5.636030] pci_bus 0000:80: root bus resource [mem 0x18050200000-0x2005eadfbff window]
[    5.640030] pci_bus 0000:80: root bus resource [bus 80]
[    5.644382] pci 0000:80:1d.0: [1d0f:7264] type 00 class 0x088000
[    5.660033] pci 0000:80:1d.0: reg 0x10: [mem 0x1a000000000-0x1a03fffffff 64bit pref]
[    5.676030] pci 0000:80:1d.0: reg 0x18: [mem 0xcc000000-0xcc001fff]
[    5.696629] pci 0000:80:1d.0: reg 0x20: [mem 0x18800000000-0x18fffffffff 64bit pref]
[    5.712030] pci 0000:80:1d.0: 126.024 Gb/s available PCIe bandwidth, limited by 16.0 GT/s PCIe x8 link at 0000:80:1d.0 (capable of 252.056 Gb/s with 32.0 GT/s PCIe x8 link)
[    5.724294] pci 0000:80:1e.0: [1d0f:7264] type 00 class 0x088000
[    5.748033] pci 0000:80:1e.0: reg 0x10: [mem 0x1a040000000-0x1a07fffffff 64bit pref]
[    5.780052] pci 0000:80:1e.0: reg 0x18: [mem 0xcc002000-0xcc003fff]
[    5.812731] pci 0000:80:1e.0: reg 0x20: [mem 0x19000000000-0x197ffffffff 64bit pref]
[    5.824043] pci 0000:80:1e.0: 126.024 Gb/s available PCIe bandwidth, limited by 16.0 GT/s PCIe x8 link at 0000:80:1e.0 (capable of 252.056 Gb/s with 32.0 GT/s PCIe x8 link)
[    5.836204] pci 0000:80:1f.0: [1d0f:7264] type 00 class 0x088000
[    5.856081] pci 0000:80:1f.0: reg 0x10: [mem 0x1a080000000-0x1a0bfffffff 64bit pref]
[    5.884863] pci 0000:80:1f.0: reg 0x18: [mem 0xcc004000-0xcc005fff]
[    5.912031] pci 0000:80:1f.0: reg 0x20: [mem 0x19800000000-0x19fffffffff 64bit pref]
[    5.925233] pci 0000:80:1f.0: 126.024 Gb/s available PCIe bandwidth, limited by 16.0 GT/s PCIe x8 link at 0000:80:1f.0 (capable of 252.056 Gb/s with 32.0 GT/s PCIe x8 link)
[    5.936141] pci_bus 0000:80: on NUMA node 2
[    5.936226] ACPI: PCI Root Bridge [PC04] (domain 0000 [bus 90])
[    5.940036] acpi PNP0A03:04: _OSC: OS supports [ExtendedConfig ASPM ClockPM Segments MSI HPX-Type3]
[    5.944342] acpiphp: Slot [128] registered
[    5.948056] acpiphp: Slot [129] registered
[    5.952053] acpiphp: Slot [130] registered
[    5.954959] acpiphp: Slot [131] registered
[    5.956082] acpiphp: Slot [132] registered
[    5.960051] acpiphp: Slot [133] registered
[    5.964052] acpiphp: Slot [134] registered
[    5.966976] acpiphp: Slot [135] registered
[    5.968056] acpiphp: Slot [136] registered
[    5.972050] acpiphp: Slot [137] registered
[    5.976053] acpiphp: Slot [138] registered
[    5.978967] acpiphp: Slot [139] registered
[    5.980051] acpiphp: Slot [140] registered
[    5.984050] acpiphp: Slot [141] registered
[    5.988046] acpiphp: Slot [142] registered
[    5.988076] acpiphp: Slot [143] registered
[    5.992051] acpiphp: Slot [144] registered
[    5.996053] acpiphp: Slot [145] registered
[    5.998980] acpiphp: Slot [146] registered
[    6.000067] acpiphp: Slot [147] registered
[    6.004051] acpiphp: Slot [148] registered
[    6.008050] acpiphp: Slot [149] registered
[    6.010964] acpiphp: Slot [150] registered
[    6.012055] acpiphp: Slot [151] registered
[    6.016052] acpiphp: Slot [152] registered
[    6.020044] acpiphp: Slot [153] registered
[    6.020094] acpiphp: Slot [154] registered
[    6.024051] acpiphp: Slot [155] registered
[    6.028050] acpiphp: Slot [156] registered
[    6.032030] acpiphp: Slot [157] registered
[    6.032086] acpiphp: Slot [158] registered
[    6.036052] acpiphp: Slot [159] registered
[    6.040040] PCI host bridge to bus 0000:90
[    6.042911] pci_bus 0000:90: root bus resource [mem 0xd0000000-0xd3ffffff window]
[    6.048030] pci_bus 0000:90: root bus resource [mem 0x50170200000-0x5817eadfbff window]
[    6.052031] pci_bus 0000:90: root bus resource [bus 90]
[    6.056376] pci 0000:90:1d.0: [1d0f:7264] type 00 class 0x088000
[    6.074518] pci 0000:90:1d.0: reg 0x10: [mem 0x52000000000-0x5203fffffff 64bit pref]
[    6.092064] pci 0000:90:1d.0: reg 0x18: [mem 0xd0000000-0xd0001fff]
[    6.120852] pci 0000:90:1d.0: reg 0x20: [mem 0x50800000000-0x50fffffffff 64bit pref]
[    6.141033] pci 0000:90:1d.0: 126.024 Gb/s available PCIe bandwidth, limited by 16.0 GT/s PCIe x8 link at 0000:90:1d.0 (capable of 252.056 Gb/s with 32.0 GT/s PCIe x8 link)
[    6.152344] pci 0000:90:1e.0: [1d0f:7264] type 00 class 0x088000
[    6.172774] pci 0000:90:1e.0: reg 0x10: [mem 0x52040000000-0x5207fffffff 64bit pref]
[    6.188739] pci 0000:90:1e.0: reg 0x18: [mem 0xd0002000-0xd0003fff]
[    6.208030] pci 0000:90:1e.0: reg 0x20: [mem 0x51000000000-0x517ffffffff 64bit pref]
[    6.228029] pci 0000:90:1e.0: 126.024 Gb/s available PCIe bandwidth, limited by 16.0 GT/s PCIe x8 link at 0000:90:1e.0 (capable of 252.056 Gb/s with 32.0 GT/s PCIe x8 link)
[    6.240251] pci 0000:90:1f.0: [1d0f:7264] type 00 class 0x088000
[    6.256046] pci 0000:90:1f.0: reg 0x10: [mem 0x52080000000-0x520bfffffff 64bit pref]
[    6.280031] pci 0000:90:1f.0: reg 0x18: [mem 0xd0004000-0xd0005fff]
[    6.304877] pci 0000:90:1f.0: reg 0x20: [mem 0x51800000000-0x51fffffffff 64bit pref]
[    6.320394] pci 0000:90:1f.0: 126.024 Gb/s available PCIe bandwidth, limited by 16.0 GT/s PCIe x8 link at 0000:90:1f.0 (capable of 252.056 Gb/s with 32.0 GT/s PCIe x8 link)
[    6.328143] pci_bus 0000:90: on NUMA node 3
[    6.328483] ACPI: PCI Interrupt Link [LNKA] (IRQs 5 *10 11)
[    6.332255] ACPI: PCI Interrupt Link [LNKB] (IRQs 5 *10 11)
[    6.336239] ACPI: PCI Interrupt Link [LNKC] (IRQs 5 10 *11)
[    6.340234] ACPI: PCI Interrupt Link [LNKD] (IRQs 5 10 *11)
[    6.344085] ACPI: PCI Interrupt Link [LNKS] (IRQs *9)
[    6.381816] iommu: Default domain type: Translated 
[    6.384114] pci 0000:00:03.0: vgaarb: setting as boot VGA device
[    6.387712] pci 0000:00:03.0: vgaarb: VGA device added: decodes=io+mem,owns=io+mem,locks=none
[    6.392039] pci 0000:00:03.0: vgaarb: bridge control possible
[    6.396030] vgaarb: loaded
[    6.400401] EDAC MC: Ver: 3.0.0
[    6.404485] NetLabel: Initializing
[    6.407034] NetLabel:  domain hash size = 128
[    6.408038] NetLabel:  protocols = UNLABELED CIPSOv4 CALIPSO
[    6.412063] NetLabel:  unlabeled traffic allowed by default
[    6.416031] PCI: Using ACPI for IRQ routing
[    6.420033] PCI: pci_cache_line_size set to 64 bytes
[    6.420332] e820: reserve RAM buffer [mem 0x0009fc00-0x0009ffff]
[    6.420337] e820: reserve RAM buffer [mem 0xbffd8000-0xbfffffff]
[    6.420338] e820: reserve RAM buffer [mem 0x2f3f000000-0x2f3fffffff]
[    6.420340] e820: reserve RAM buffer [mem 0x5f3f000000-0x5f3fffffff]
[    6.420342] e820: reserve RAM buffer [mem 0x8f3f000000-0x8f3fffffff]
[    6.420343] e820: reserve RAM buffer [mem 0xbf3f000000-0xbf3fffffff]
[    6.420351] hpet0: at MMIO 0xfed00000, IRQs 2, 8, 0, 0, 0, 0, 0, 0
[    6.424031] hpet0: 8 comparators, 32-bit 62.500000 MHz counter
[    6.433098] clocksource: Switched to clocksource kvm-clock
[    6.463204] VFS: Disk quotas dquot_6.6.0
[    6.466111] VFS: Dquot-cache hash table entries: 512 (order 0, 4096 bytes)
[    6.470126] pnp: PnP ACPI init
[    6.472837] pnp 00:00: Plug and Play ACPI device, IDs PNP0b00 (active)
[    6.472896] pnp 00:01: Plug and Play ACPI device, IDs PNP0303 (active)
[    6.472930] pnp 00:02: Plug and Play ACPI device, IDs PNP0f13 (active)
[    6.473004] pnp 00:03: Plug and Play ACPI device, IDs PNP0400 (active)
[    6.473060] pnp 00:04: Plug and Play ACPI device, IDs PNP0501 (active)
[    6.473600] pnp: PnP ACPI: found 5 devices
[    6.483445] clocksource: acpi_pm: mask: 0xffffff max_cycles: 0xffffff, max_idle_ns: 2085701024 ns
[    6.489550] NET: Registered protocol family 2
[    6.493005] IP idents hash table entries: 262144 (order: 9, 2097152 bytes, vmalloc)
[    6.500087] tcp_listen_portaddr_hash hash table entries: 65536 (order: 8, 1048576 bytes, vmalloc)
[    6.506494] TCP established hash table entries: 524288 (order: 10, 4194304 bytes, vmalloc)
[    6.513139] TCP bind hash table entries: 65536 (order: 8, 1048576 bytes, vmalloc)
[    6.518847] TCP: Hash tables configured (established 524288 bind 65536)
[    6.523341] MPTCP token hash table entries: 65536 (order: 8, 1572864 bytes, vmalloc)
[    6.529146] UDP hash table entries: 65536 (order: 9, 2097152 bytes, vmalloc)
[    6.533615] UDP-Lite hash table entries: 65536 (order: 9, 2097152 bytes, vmalloc)
[    6.539798] NET: Registered protocol family 1
[    6.542834] NET: Registered protocol family 44
[    6.545926] pci_bus 0000:00: resource 4 [io  0x0000-0x0cf7 window]
[    6.549604] pci_bus 0000:00: resource 5 [io  0x0d00-0xffff window]
[    6.553280] pci_bus 0000:00: resource 6 [mem 0x000a0000-0x000bffff window]
[    6.557196] pci_bus 0000:00: resource 7 [mem 0xc0000000-0xc3ffffff window]
[    6.561136] pci_bus 0000:10: resource 4 [mem 0xc4000000-0xc7ffffff window]
[    6.565072] pci_bus 0000:10: resource 5 [mem 0x10020200000-0x1802eadfbff window]
[    6.570545] pci_bus 0000:20: resource 4 [mem 0xc8000000-0xcbffffff window]
[    6.574467] pci_bus 0000:20: resource 5 [mem 0x40110200000-0x4811eadfbff window]
[    6.579950] pci_bus 0000:80: resource 4 [mem 0xcc000000-0xcfffffff window]
[    6.583913] pci_bus 0000:80: resource 5 [mem 0x18050200000-0x2005eadfbff window]
[    6.635665] pci_bus 0000:90: resource 4 [mem 0xd0000000-0xd3ffffff window]
[    6.639580] pci_bus 0000:90: resource 5 [mem 0x50170200000-0x5817eadfbff window]
[    6.645057] pci 0000:00:00.0: Limiting direct PCI/PCI transfers
[    6.648658] pci 0000:00:01.0: Activating ISA DMA hang workarounds
[    6.652375] pci 0000:00:03.0: Video device with shadowed ROM at [mem 0x000c0000-0x000dffff]
[    6.658348] PCI: CLS 0 bytes, default 64
[    6.661345] Trying to unpack rootfs image as initramfs...
[    6.687376] Freeing initrd memory: 11384K
[    6.690333] PCI-DMA: Using software bounce buffering for IO (SWIOTLB)
[    6.694102] software IO TLB: mapped [mem 0x00000000bbfd8000-0x00000000bffd8000] (64MB)
[    6.713088] clocksource: tsc: mask: 0xffffffffffffffff max_cycles: 0x2632bb35aa3, max_idle_ns: 440795244412 ns
[    6.720485] clocksource: Switched to clocksource tsc
[    6.768406] check: Scanning for low memory corruption every 60 seconds
[    6.781123] Initialise system trusted keyrings
[    6.784255] Key type blacklist registered
[    6.787700] workingset: timestamp_bits=36 max_order=28 bucket_order=0
[    6.793182] zbud: loaded
[    6.795945] SGI XFS with ACLs, security attributes, quota, no debug enabled
[    6.805317] Key type asymmetric registered
[    6.808276] Asymmetric key parser 'x509' registered
[    6.811565] Block layer SCSI generic (bsg) driver version 0.4 loaded (major 251)
[    6.817305] io scheduler mq-deadline registered
[    6.820604] io scheduler kyber registered
[    6.823633] io scheduler bfq registered
[    6.833725] shpchp: Standard Hot Plug PCI Controller Driver version: 0.4
[    6.837654] Monitor-Mwait will be used to enter C-1 state
[    6.837678] ACPI: \_SB_.CP00: Found 2 idle states
[    6.840993] ACPI: \_SB_.CP01: Found 2 idle states
[    6.844333] ACPI: \_SB_.CP02: Found 2 idle states
[    6.847686] ACPI: \_SB_.CP03: Found 2 idle states
[    6.851021] ACPI: \_SB_.CP04: Found 2 idle states
[    6.854366] ACPI: \_SB_.CP05: Found 2 idle states
[    6.857732] ACPI: \_SB_.CP06: Found 2 idle states
[    6.861104] ACPI: \_SB_.CP07: Found 2 idle states
[    6.864474] ACPI: \_SB_.CP08: Found 2 idle states
[    6.867824] ACPI: \_SB_.CP09: Found 2 idle states
[    6.871191] ACPI: \_SB_.CP0A: Found 2 idle states
[    6.874569] ACPI: \_SB_.CP0B: Found 2 idle states
[    6.877936] ACPI: \_SB_.CP0C: Found 2 idle states
[    6.881327] ACPI: \_SB_.CP0D: Found 2 idle states
[    6.884709] ACPI: \_SB_.CP0E: Found 2 idle states
[    6.888087] ACPI: \_SB_.CP0F: Found 2 idle states
[    6.891491] ACPI: \_SB_.CP10: Found 2 idle states
[    6.894893] ACPI: \_SB_.CP11: Found 2 idle states
[    6.898298] ACPI: \_SB_.CP12: Found 2 idle states
[    6.901708] ACPI: \_SB_.CP13: Found 2 idle states
[    6.905114] ACPI: \_SB_.CP14: Found 2 idle states
[    6.908510] ACPI: \_SB_.CP15: Found 2 idle states
[    6.911897] ACPI: \_SB_.CP16: Found 2 idle states
[    6.915305] ACPI: \_SB_.CP17: Found 2 idle states
[    6.918715] ACPI: \_SB_.CP18: Found 2 idle states
[    6.922265] ACPI: \_SB_.CP19: Found 2 idle states
[    6.925673] ACPI: \_SB_.CP1A: Found 2 idle states
[    6.929096] ACPI: \_SB_.CP1B: Found 2 idle states
[    6.932454] ACPI: \_SB_.CP1C: Found 2 idle states
[    6.935930] ACPI: \_SB_.CP1D: Found 2 idle states
[    6.939279] ACPI: \_SB_.CP1E: Found 2 idle states
[    6.942628] ACPI: \_SB_.CP1F: Found 2 idle states
[    6.946052] ACPI: \_SB_.CP20: Found 2 idle states
[    6.949599] ACPI: \_SB_.CP21: Found 2 idle states
[    6.953183] ACPI: \_SB_.CP22: Found 2 idle states
[    6.956543] ACPI: \_SB_.CP23: Found 2 idle states
[    6.960135] ACPI: \_SB_.CP24: Found 2 idle states
[    6.963512] ACPI: \_SB_.CP25: Found 2 idle states
[    6.967260] ACPI: \_SB_.CP26: Found 2 idle states
[    6.970857] ACPI: \_SB_.CP27: Found 2 idle states
[    6.974330] ACPI: \_SB_.CP28: Found 2 idle states
[    6.977755] ACPI: \_SB_.CP29: Found 2 idle states
[    6.981256] ACPI: \_SB_.CP2A: Found 2 idle states
[    6.984800] ACPI: \_SB_.CP2B: Found 2 idle states
[    6.988305] ACPI: \_SB_.CP2C: Found 2 idle states
[    6.991686] ACPI: \_SB_.CP2D: Found 2 idle states
[    6.995314] ACPI: \_SB_.CP2E: Found 2 idle states
[    6.998675] ACPI: \_SB_.CP2F: Found 2 idle states
[    7.002261] ACPI: \_SB_.CP30: Found 2 idle states
[    7.005665] ACPI: \_SB_.CP31: Found 2 idle states
[    7.009257] ACPI: \_SB_.CP32: Found 2 idle states
[    7.012810] ACPI: \_SB_.CP33: Found 2 idle states
[    7.016899] ACPI: \_SB_.CP34: Found 2 idle states
[    7.020552] ACPI: \_SB_.CP35: Found 2 idle states
[    7.024703] ACPI: \_SB_.CP36: Found 2 idle states
[    7.028351] ACPI: \_SB_.CP37: Found 2 idle states
[    7.032483] ACPI: \_SB_.CP38: Found 2 idle states
[    7.036108] ACPI: \_SB_.CP39: Found 2 idle states
[    7.040177] ACPI: \_SB_.CP3A: Found 2 idle states
[    7.043776] ACPI: \_SB_.CP3B: Found 2 idle states
[    7.047820] ACPI: \_SB_.CP3C: Found 2 idle states
[    7.051410] ACPI: \_SB_.CP3D: Found 2 idle states
[    7.055398] ACPI: \_SB_.CP3E: Found 2 idle states
[    7.058962] ACPI: \_SB_.CP3F: Found 2 idle states
[    7.062778] ACPI: \_SB_.CP40: Found 2 idle states
[    7.066634] ACPI: \_SB_.CP41: Found 2 idle states
[    7.070416] ACPI: \_SB_.CP42: Found 2 idle states
[    7.074535] ACPI: \_SB_.CP43: Found 2 idle states
[    7.078482] ACPI: \_SB_.CP44: Found 2 idle states
[    7.082636] ACPI: \_SB_.CP45: Found 2 idle states
[    7.086524] ACPI: \_SB_.CP46: Found 2 idle states
[    7.090654] ACPI: \_SB_.CP47: Found 2 idle states
[    7.094456] ACPI: \_SB_.CP48: Found 2 idle states
[    7.098938] ACPI: \_SB_.CP49: Found 2 idle states
[    7.103008] ACPI: \_SB_.CP4A: Found 2 idle states
[    7.107259] ACPI: \_SB_.CP4B: Found 2 idle states
[    7.111276] ACPI: \_SB_.CP4C: Found 2 idle states
[    7.115428] ACPI: \_SB_.CP4D: Found 2 idle states
[    7.119467] ACPI: \_SB_.CP4E: Found 2 idle states
[    7.124569] ACPI: \_SB_.CP4F: Found 2 idle states
[    7.129085] ACPI: \_SB_.CP50: Found 2 idle states
[    7.134482] ACPI: \_SB_.CP51: Found 2 idle states
[    7.138987] ACPI: \_SB_.CP52: Found 2 idle states
[    7.143719] ACPI: \_SB_.CP53: Found 2 idle states
[    7.148230] ACPI: \_SB_.CP54: Found 2 idle states
[    7.153356] ACPI: \_SB_.CP55: Found 2 idle states
[    7.158353] ACPI: \_SB_.CP56: Found 2 idle states
[    7.163664] ACPI: \_SB_.CP57: Found 2 idle states
[    7.169191] ACPI: \_SB_.CP58: Found 2 idle states
[    7.174655] ACPI: \_SB_.CP59: Found 2 idle states
[    7.179872] ACPI: \_SB_.CP5A: Found 2 idle states
[    7.185098] ACPI: \_SB_.CP5B: Found 2 idle states
[    7.190208] ACPI: \_SB_.CP5C: Found 2 idle states
[    7.195050] ACPI: \_SB_.CP5D: Found 2 idle states
[    7.200481] ACPI: \_SB_.CP5E: Found 2 idle states
[    7.205369] ACPI: \_SB_.CP5F: Found 2 idle states
[    7.210496] ACPI: \_SB_.CP60: Found 2 idle states
[    7.215527] ACPI: \_SB_.CP61: Found 2 idle states
[    7.220214] ACPI: \_SB_.CP62: Found 2 idle states
[    7.225331] ACPI: \_SB_.CP63: Found 2 idle states
[    7.230200] ACPI: \_SB_.CP64: Found 2 idle states
[    7.235453] ACPI: \_SB_.CP65: Found 2 idle states
[    7.240253] ACPI: \_SB_.CP66: Found 2 idle states
[    7.245550] ACPI: \_SB_.CP67: Found 2 idle states
[    7.250302] ACPI: \_SB_.CP68: Found 2 idle states
[    7.255425] ACPI: \_SB_.CP69: Found 2 idle states
[    7.260386] ACPI: \_SB_.CP6A: Found 2 idle states
[    7.265506] ACPI: \_SB_.CP6B: Found 2 idle states
[    7.270370] ACPI: \_SB_.CP6C: Found 2 idle states
[    7.275778] ACPI: \_SB_.CP6D: Found 2 idle states
[    7.281049] ACPI: \_SB_.CP6E: Found 2 idle states
[    7.285956] ACPI: \_SB_.CP6F: Found 2 idle states
[    7.290907] ACPI: \_SB_.CP70: Found 2 idle states
[    7.296418] ACPI: \_SB_.CP71: Found 2 idle states
[    7.301300] ACPI: \_SB_.CP72: Found 2 idle states
[    7.306789] ACPI: \_SB_.CP73: Found 2 idle states
[    7.311735] ACPI: \_SB_.CP74: Found 2 idle states
[    7.316793] ACPI: \_SB_.CP75: Found 2 idle states
[    7.321957] ACPI: \_SB_.CP76: Found 2 idle states
[    7.326855] ACPI: \_SB_.CP77: Found 2 idle states
[    7.332291] ACPI: \_SB_.CP78: Found 2 idle states
[    7.337176] ACPI: \_SB_.CP79: Found 2 idle states
[    7.342651] ACPI: \_SB_.CP7A: Found 2 idle states
[    7.347924] ACPI: \_SB_.CP7B: Found 2 idle states
[    7.352858] ACPI: \_SB_.CP7C: Found 2 idle states
[    7.358184] ACPI: \_SB_.CP7D: Found 2 idle states
[    7.363332] ACPI: \_SB_.CP7E: Found 2 idle states
[    7.368315] ACPI: \_SB_.CP7F: Found 2 idle states
[    7.373972] ACPI: \_SB_.CP80: Found 2 idle states
[    7.379114] ACPI: \_SB_.CP81: Found 2 idle states
[    7.384106] ACPI: \_SB_.CP82: Found 2 idle states
[    7.389248] ACPI: \_SB_.CP83: Found 2 idle states
[    7.394866] ACPI: \_SB_.CP84: Found 2 idle states
[    7.400059] ACPI: \_SB_.CP85: Found 2 idle states
[    7.405186] ACPI: \_SB_.CP86: Found 2 idle states
[    7.410768] ACPI: \_SB_.CP87: Found 2 idle states
[    7.415963] ACPI: \_SB_.CP88: Found 2 idle states
[    7.421072] ACPI: \_SB_.CP89: Found 2 idle states
[    7.426418] ACPI: \_SB_.CP8A: Found 2 idle states
[    7.431817] ACPI: \_SB_.CP8B: Found 2 idle states
[    7.436946] ACPI: \_SB_.CP8C: Found 2 idle states
[    7.442406] ACPI: \_SB_.CP8D: Found 2 idle states
[    7.447719] ACPI: \_SB_.CP8E: Found 2 idle states
[    7.453060] ACPI: \_SB_.CP8F: Found 2 idle states
[    7.458685] ACPI: \_SB_.CP90: Found 2 idle states
[    7.464380] ACPI: \_SB_.CP91: Found 2 idle states
[    7.469740] ACPI: \_SB_.CP92: Found 2 idle states
[    7.475363] ACPI: \_SB_.CP93: Found 2 idle states
[    7.480725] ACPI: \_SB_.CP94: Found 2 idle states
[    7.486469] ACPI: \_SB_.CP95: Found 2 idle states
[    7.557322] ACPI: \_SB_.CP96: Found 2 idle states
[    7.562909] ACPI: \_SB_.CP97: Found 2 idle states
[    7.568999] ACPI: \_SB_.CP98: Found 2 idle states
[    7.574590] ACPI: \_SB_.CP99: Found 2 idle states
[    7.580687] ACPI: \_SB_.CP9A: Found 2 idle states
[    7.586274] ACPI: \_SB_.CP9B: Found 2 idle states
[    7.592364] ACPI: \_SB_.CP9C: Found 2 idle states
[    7.597947] ACPI: \_SB_.CP9D: Found 2 idle states
[    7.603848] ACPI: \_SB_.CP9E: Found 2 idle states
[    7.609454] ACPI: \_SB_.CP9F: Found 2 idle states
[    7.615501] ACPI: \_SB_.CPA0: Found 2 idle states
[    7.620475] ACPI: \_SB_.CPA1: Found 2 idle states
[    7.625618] ACPI: \_SB_.CPA2: Found 2 idle states
[    7.631342] ACPI: \_SB_.CPA3: Found 2 idle states
[    7.636705] ACPI: \_SB_.CPA4: Found 2 idle states
[    7.642473] ACPI: \_SB_.CPA5: Found 2 idle states
[    7.648171] ACPI: \_SB_.CPA6: Found 2 idle states
[    7.653756] ACPI: \_SB_.CPA7: Found 2 idle states
[    7.659873] ACPI: \_SB_.CPA8: Found 2 idle states
[    7.665349] ACPI: \_SB_.CPA9: Found 2 idle states
[    7.671383] ACPI: \_SB_.CPAA: Found 2 idle states
[    7.676974] ACPI: \_SB_.CPAB: Found 2 idle states
[    7.683072] ACPI: \_SB_.CPAC: Found 2 idle states
[    7.688672] ACPI: \_SB_.CPAD: Found 2 idle states
[    7.694756] ACPI: \_SB_.CPAE: Found 2 idle states
[    7.700480] ACPI: \_SB_.CPAF: Found 2 idle states
[    7.706071] ACPI: \_SB_.CPB0: Found 2 idle states
[    7.712168] ACPI: \_SB_.CPB1: Found 2 idle states
[    7.717882] ACPI: \_SB_.CPB2: Found 2 idle states
[    7.724205] ACPI: \_SB_.CPB3: Found 2 idle states
[    7.730049] ACPI: \_SB_.CPB4: Found 2 idle states
[    7.736361] ACPI: \_SB_.CPB5: Found 2 idle states
[    7.742200] ACPI: \_SB_.CPB6: Found 2 idle states
[    7.748529] ACPI: \_SB_.CPB7: Found 2 idle states
[    7.754377] ACPI: \_SB_.CPB8: Found 2 idle states
[    7.760700] ACPI: \_SB_.CPB9: Found 2 idle states
[    7.766557] ACPI: \_SB_.CPBA: Found 2 idle states
[    7.773020] ACPI: \_SB_.CPBB: Found 2 idle states
[    7.779328] ACPI: \_SB_.CPBC: Found 2 idle states
[    7.784966] ACPI: \_SB_.CPBD: Found 2 idle states
[    7.791138] ACPI: \_SB_.CPBE: Found 2 idle states
[    7.797072] ACPI: \_SB_.CPBF: Found 2 idle states
[    7.803044] Serial: 8250/16550 driver, 4 ports, IRQ sharing disabled
[    7.810438] 00:04: ttyS0 at I/O 0x3f8 (irq = 4, base_baud = 115200) is a 16550A
[    7.968057] nvme nvme0: pci function 0000:00:04.0
[    8.007603] i8042: PNP: PS/2 Controller [PNP0303:KBD,PNP0f13:MOU] at 0x60,0x64 irq 1,12
[    8.008510] PCI Interrupt Link [LNKD] enabled at IRQ 11
[    8.075337] i8042: Warning: Keylock active
[    8.118147] nvme nvme0: 2/0/0 default/read/poll queues
[    8.153597] serio: i8042 KBD port at 0x60,0x64 irq 1
[    8.169968] GPT:Primary header thinks Alt. header is not at the end of the disk.
[    8.195798] serio: i8042 AUX port at 0x60,0x64 irq 12
[    8.232093] GPT:8388607 != 3430940671
[    8.272760] rtc_cmos 00:00: RTC can wake from S4
[    8.291641] GPT:Alternate GPT header not at the end of the disk.
[    8.291642] GPT:8388607 != 3430940671
[    8.291644] GPT: Use GNU Parted to correct GPT errors.
[    8.291654]  nvme0n1: p1 p128
[    8.348839] rtc_cmos 00:00: registered as rtc0
[    8.499328] rtc_cmos 00:00: setting system clock to 2024-05-17T16:31:32 UTC (1715963492)
[    8.567122] rtc_cmos 00:00: alarms up to one day, 114 bytes nvram
[    8.612189] hid: raw HID events driver (C) Jiri Kosina
[    8.654631] NET: Registered protocol family 10
[    8.709385] Segment Routing with IPv6
[    8.728137] NET: Registered protocol family 17
[    8.785787] IPI shorthand broadcast: enabled
[    8.805703] sched_clock: Marking stable (7450886803, 1354774425)->(9157584971, -351923743)
[    8.845715] registered taskstats version 1
[    8.865760] Loading compiled-in X.509 certificates
[    8.886617] input: AT Translated Set 2 keyboard as /devices/platform/i8042/serio0/input/input0
[    8.893400] Loaded X.509 cert 'Build time autogenerated kernel key: 1b1c8dfdda6a839030e9782b2fe8f6588f2b0f5a'
[    9.003000] zswap: loaded using pool lzo/zbud
[    9.032460] Key type .fscrypt registered
[    9.052068] Key type fscrypt-provisioning registered
[    9.075921] ima: No TPM chip found, activating TPM-bypass!
[    9.101952] ima: Allocated hash algorithm: sha1
[    9.125102] ima: No architecture policies found
[    9.160784] Freeing unused decrypted memory: 2036K
[    9.188331] Freeing unused kernel image (initmem) memory: 2464K
[    9.266904] Write protecting the kernel read-only data: 22528k
[    9.302539] Freeing unused kernel image (text/rodata gap) memory: 2032K
[    9.338000] Freeing unused kernel image (rodata/data gap) memory: 180K
[    9.370118] Run /init as init process
[    9.392577]   with arguments:
[    9.392579]     /init
[    9.392581]   with environment:
[    9.392582]     HOME=/
[    9.392583]     TERM=linux
[    9.392585]     BOOT_IMAGE=/boot/vmlinuz-5.10.213-201.855.amzn2.x86_64
[    9.392586]     biosdevname=0
[    9.392587]     LANG=en_US.UTF-8
[    9.392588]     KEYTABLE=us
[    9.418298] systemd[1]: systemd 219 running in system mode. (+PAM +AUDIT +SELINUX +IMA -APPARMOR +SMACK +SYSVINIT +UTMP +LIBCRYPTSETUP +GCRYPT +GNUTLS +ACL +XZ +LZ4 -SECCOMP +BLKID +ELFUTILS +KMOD +IDN)
[    9.499679] systemd[1]: Detected virtualization amazon.
[    9.525734] systemd[1]: Detected architecture x86-64.
[    9.551065] systemd[1]: Running in initial RAM disk.
[    9.608779] systemd[1]: No hostname configured.
[    9.633700] systemd[1]: Set hostname to <localhost>.
[    9.658899] systemd[1]: Initializing machine ID from VM UUID.
[    9.735103] systemd[1]: Reached target Timers.
[    9.769234] systemd[1]: Reached target Swap.
[    9.803125] systemd[1]: Started Dispatch Password Requests to Console Directory Watch.
[   10.659178] XFS (nvme0n1p1): Mounting V5 Filesystem
[   10.761022] XFS (nvme0n1p1): Ending clean mount
[   11.845461] systemd-journald[3895]: Received SIGTERM from PID 1 (systemd).
[   11.878323] printk: systemd: 15 output lines suppressed due to ratelimiting
[   12.030458] SELinux:  Runtime disable is deprecated, use selinux=0 on the kernel cmdline.
[   12.170179] SELinux:  Disabled at runtime.
[   12.399062] audit: type=1404 audit(1715963496.399:2): enforcing=0 old_enforcing=0 auid=4294967295 ses=4294967295 enabled=0 old-enabled=1 lsm=selinux res=1
[   13.144584] xfs filesystem being remounted at / supports timestamps until 2038 (0x7fffffff)
[   14.190223] systemd-journald[12101]: Received request to flush runtime journal from PID 1
[   14.271827] input: Power Button as /devices/LNXSYSTM:00/LNXPWRBN:00/input/input3
[   14.302706] pps_core: LinuxPPS API ver. 1 registered
[   14.306851] ACPI: Power Button [PWRF]
[   14.307124] pps_core: Software ver. 5.3.6 - Copyright 2005-2007 Rodolfo Giometti <giometti@linux.it>
[   14.310832] input: Sleep Button as /devices/LNXSYSTM:00/LNXSLPBN:00/input/input5
[   14.314264] input: ImPS/2 Generic Wheel Mouse as /devices/platform/i8042/serio1/input/input4
[   14.328749] ACPI: Sleep Button [SLPF]
[   14.347023] bridge: filtering via arp/ip/ip6tables is no longer available by default. Update your scripts to load br_netfilter if you need this.
[   14.347183] cryptd: max_cpu_qlen set to 1000
[   14.413646] PTP clock support registered
[   14.424827] Bridge firewalling registered
[   14.430937] AVX2 version of gcm_enc/dec engaged.
[   14.434395] AES CTR mode by8 optimization enabled
[   14.443061] ena 0000:00:05.0: Elastic Network Adapter (ENA) v2.12.0g
[   14.458919] ena 0000:00:05.0: ENA device version: 0.10
[   14.479639] ena 0000:00:05.0: ENA controller version: 0.0.1 implementation version 1
[   14.602823] ena 0000:00:05.0: Forcing large headers and decreasing maximum TX queue size to 512
[   14.609516] ena 0000:00:05.0: ENA Large LLQ is enabled
[   14.630876] ena 0000:00:05.0: Elastic Network Adapter (ENA) found at mem c0014000, mac addr 0e:5f:3e:57:0c:a3
[   15.135253] xfs filesystem being remounted at /tmp supports timestamps until 2038 (0x7fffffff)
[   15.174733] xfs filesystem being remounted at /var/tmp supports timestamps until 2038 (0x7fffffff)
[   15.713646] RPC: Registered named UNIX socket transport module.
[   15.773503] RPC: Registered udp transport module.
[   15.833521] RPC: Registered tcp transport module.
[   15.892746] RPC: Registered tcp NFSv4.1 backchannel transport module.
[   16.050761] mousedev: PS/2 mouse device common for all mice
[   17.292691] xfs filesystem being remounted at /tmp supports timestamps until 2038 (0x7fffffff)
[   17.320248] xfs filesystem being remounted at /var/tmp supports timestamps until 2038 (0x7fffffff)
[  110.677793] neuron: loading out-of-tree module taints kernel.
[  110.711643] neuron: module verification failed: signature and/or required key missing - tainting kernel
[  110.848187] Neuron Driver Started with Version:2.16.7.0-1355be842607c13a01a0008d67da2f48b0c5ec05
[  110.851171] neuron-driver 0000:10:1d.0: can't derive routing for PCI INT A
[  111.013207] neuron-driver 0000:10:1d.0: PCI INT A: no GSI
[  111.074536] ** BDF: 10:1d.0 => nd[10] (routing id: 10)
[  111.167796] neuron:mpset_constructor: reserved 134217728 bytes of host memory
[  111.341344] neuron:nr_reset_thread_fn: nd10: initiating reset request 4294967295
[  111.345953] neuron-driver 0000:10:1e.0: can't derive routing for PCI INT A
[  111.482698] neuron-driver 0000:10:1e.0: PCI INT A: no GSI
[  111.541816] ** BDF: 10:1e.0 => nd[8] (routing id: 8)
[  111.632872] neuron:mpset_constructor: reserved 134217728 bytes of host memory
[  111.813063] neuron:nr_reset_thread_fn: nd8: initiating reset request 4294967295
[  111.816827] neuron-driver 0000:10:1f.0: can't derive routing for PCI INT A
[  111.954183] neuron-driver 0000:10:1f.0: PCI INT A: no GSI
